[    0.000000] Linux version 4.10.0-38-generic (buildd@lgw01-amd64-059) (gcc version 5.4.0 20160609 (Ubuntu 5.4.0-6ubuntu1~16.04.4) ) #42~16.04.1-Ubuntu SMP Tue Oct 10 16:32:20 UTC 2017 (Ubuntu 4.10.0-38.42~16.04.1-generic 4.10.17)
[    0.000000] Command line: BOOT_IMAGE=/boot/vmlinuz-4.10.0-38-generic root=UUID=93c24e40-1c78-4521-b5a1-ac48d49cc85f ro quiet splash
[    0.000000] KERNEL supported cpus:
[    0.000000]   Intel GenuineIntel
[    0.000000]   AMD AuthenticAMD
[    0.000000]   Centaur CentaurHauls
[    0.000000] x86/fpu: Supporting XSAVE feature 0x001: 'x87 floating point registers'
[    0.000000] x86/fpu: Supporting XSAVE feature 0x002: 'SSE registers'
[    0.000000] x86/fpu: Supporting XSAVE feature 0x004: 'AVX registers'
[    0.000000] x86/fpu: xstate_offset[2]:  576, xstate_sizes[2]:  256
[    0.000000] x86/fpu: Enabled xstate features 0x7, context size is 832 bytes, using 'standard' format.
[    0.000000] e820: BIOS-provided physical RAM map:
[    0.000000] BIOS-e820: [mem 0x0000000000000000-0x000000000009fbff] usable
[    0.000000] BIOS-e820: [mem 0x000000000009fc00-0x000000000009ffff] reserved
[    0.000000] BIOS-e820: [mem 0x00000000000f0000-0x00000000000fffff] reserved
[    0.000000] BIOS-e820: [mem 0x0000000000100000-0x00000000dffeffff] usable
[    0.000000] BIOS-e820: [mem 0x00000000dfff0000-0x00000000dfffffff] ACPI data
[    0.000000] BIOS-e820: [mem 0x00000000fec00000-0x00000000fec00fff] reserved
[    0.000000] BIOS-e820: [mem 0x00000000fee00000-0x00000000fee00fff] reserved
[    0.000000] BIOS-e820: [mem 0x00000000fffc0000-0x00000000ffffffff] reserved
[    0.000000] BIOS-e820: [mem 0x0000000100000000-0x000000011fffffff] usable
[    0.000000] NX (Execute Disable) protection: active
[    0.000000] SMBIOS 2.5 present.
[    0.000000] DMI: innotek GmbH VirtualBox/VirtualBox, BIOS VirtualBox 12/01/2006
[    0.000000] Hypervisor detected: KVM
[    0.000000] e820: update [mem 0x00000000-0x00000fff] usable ==> reserved
[    0.000000] e820: remove [mem 0x000a0000-0x000fffff] usable
[    0.000000] e820: last_pfn = 0x120000 max_arch_pfn = 0x400000000
[    0.000000] MTRR default type: uncachable
[    0.000000] MTRR variable ranges disabled:
[    0.000000] MTRR: Disabled
[    0.000000] x86/PAT: MTRRs disabled, skipping PAT initialization too.
[    0.000000] x86/PAT: Configuration [0-7]: WB  WT  UC- UC  WB  WT  UC- UC  
[    0.000000] CPU MTRRs all blank - virtualized system.
[    0.000000] e820: last_pfn = 0xdfff0 max_arch_pfn = 0x400000000
[    0.000000] found SMP MP-table at [mem 0x0009fff0-0x0009ffff] mapped at [ffff8c7d0009fff0]
[    0.000000] Scanning 1 areas for low memory corruption
[    0.000000] Base memory trampoline at [ffff8c7d00099000] 99000 size 24576
[    0.000000] BRK [0x05828000, 0x05828fff] PGTABLE
[    0.000000] BRK [0x05829000, 0x05829fff] PGTABLE
[    0.000000] BRK [0x0582a000, 0x0582afff] PGTABLE
[    0.000000] BRK [0x0582b000, 0x0582bfff] PGTABLE
[    0.000000] BRK [0x0582c000, 0x0582cfff] PGTABLE
[    0.000000] RAMDISK: [mem 0x32fb0000-0x357cffff]
[    0.000000] ACPI: Early table checksum verification disabled
[    0.000000] ACPI: RSDP 0x00000000000E0000 000024 (v02 VBOX  )
[    0.000000] ACPI: XSDT 0x00000000DFFF0030 00003C (v01 VBOX   VBOXXSDT 00000001 ASL  00000061)
[    0.000000] ACPI: FACP 0x00000000DFFF00F0 0000F4 (v04 VBOX   VBOXFACP 00000001 ASL  00000061)
[    0.000000] ACPI: DSDT 0x00000000DFFF0470 0021FF (v02 VBOX   VBOXBIOS 00000002 INTL 20100528)
[    0.000000] ACPI: FACS 0x00000000DFFF0200 000040
[    0.000000] ACPI: FACS 0x00000000DFFF0200 000040
[    0.000000] ACPI: APIC 0x00000000DFFF0240 000054 (v02 VBOX   VBOXAPIC 00000001 ASL  00000061)
[    0.000000] ACPI: SSDT 0x00000000DFFF02A0 0001CC (v01 VBOX   VBOXCPUT 00000002 INTL 20100528)
[    0.000000] ACPI: Local APIC address 0xfee00000
[    0.000000] No NUMA configuration found
[    0.000000] Faking a node at [mem 0x0000000000000000-0x000000011fffffff]
[    0.000000] NODE_DATA(0) allocated [mem 0x11ffd1000-0x11fffbfff]
[    0.000000] kvm-clock: Using msrs 4b564d01 and 4b564d00
[    0.000000] kvm-clock: cpu 0, msr 1:1ff51001, primary cpu clock
[    0.000000] kvm-clock: using sched offset of 55601187568829 cycles
[    0.000000] clocksource: kvm-clock: mask: 0xffffffffffffffff max_cycles: 0x1cd42e4dffb, max_idle_ns: 881590591483 ns
[    0.000000] Zone ranges:
[    0.000000]   DMA      [mem 0x0000000000001000-0x0000000000ffffff]
[    0.000000]   DMA32    [mem 0x0000000001000000-0x00000000ffffffff]
[    0.000000]   Normal   [mem 0x0000000100000000-0x000000011fffffff]
[    0.000000]   Device   empty
[    0.000000] Movable zone start for each node
[    0.000000] Early memory node ranges
[    0.000000]   node   0: [mem 0x0000000000001000-0x000000000009efff]
[    0.000000]   node   0: [mem 0x0000000000100000-0x00000000dffeffff]
[    0.000000]   node   0: [mem 0x0000000100000000-0x000000011fffffff]
[    0.000000] Initmem setup node 0 [mem 0x0000000000001000-0x000000011fffffff]
[    0.000000] On node 0 totalpages: 1048462
[    0.000000]   DMA zone: 64 pages used for memmap
[    0.000000]   DMA zone: 21 pages reserved
[    0.000000]   DMA zone: 3998 pages, LIFO batch:0
[    0.000000]   DMA32 zone: 14272 pages used for memmap
[    0.000000]   DMA32 zone: 913392 pages, LIFO batch:31
[    0.000000]   Normal zone: 2048 pages used for memmap
[    0.000000]   Normal zone: 131072 pages, LIFO batch:31
[    0.000000] ACPI: PM-Timer IO Port: 0x4008
[    0.000000] ACPI: Local APIC address 0xfee00000
[    0.000000] IOAPIC[0]: apic_id 1, version 32, address 0xfec00000, GSI 0-23
[    0.000000] ACPI: INT_SRC_OVR (bus 0 bus_irq 0 global_irq 2 dfl dfl)
[    0.000000] ACPI: INT_SRC_OVR (bus 0 bus_irq 9 global_irq 9 low level)
[    0.000000] ACPI: IRQ0 used by override.
[    0.000000] ACPI: IRQ9 used by override.
[    0.000000] Using ACPI (MADT) for SMP configuration information
[    0.000000] smpboot: Allowing 1 CPUs, 0 hotplug CPUs
[    0.000000] PM: Registered nosave memory: [mem 0x00000000-0x00000fff]
[    0.000000] PM: Registered nosave memory: [mem 0x0009f000-0x0009ffff]
[    0.000000] PM: Registered nosave memory: [mem 0x000a0000-0x000effff]
[    0.000000] PM: Registered nosave memory: [mem 0x000f0000-0x000fffff]
[    0.000000] PM: Registered nosave memory: [mem 0xdfff0000-0xdfffffff]
[    0.000000] PM: Registered nosave memory: [mem 0xe0000000-0xfebfffff]
[    0.000000] PM: Registered nosave memory: [mem 0xfec00000-0xfec00fff]
[    0.000000] PM: Registered nosave memory: [mem 0xfec01000-0xfedfffff]
[    0.000000] PM: Registered nosave memory: [mem 0xfee00000-0xfee00fff]
[    0.000000] PM: Registered nosave memory: [mem 0xfee01000-0xfffbffff]
[    0.000000] PM: Registered nosave memory: [mem 0xfffc0000-0xffffffff]
[    0.000000] e820: [mem 0xe0000000-0xfebfffff] available for PCI devices
[    0.000000] Booting paravirtualized kernel on KVM
[    0.000000] clocksource: refined-jiffies: mask: 0xffffffff max_cycles: 0xffffffff, max_idle_ns: 7645519600211568 ns
[    0.000000] setup_percpu: NR_CPUS:8192 nr_cpumask_bits:1 nr_cpu_ids:1 nr_node_ids:1
[    0.000000] percpu: Embedded 36 pages/cpu @ffff8c7e1fc00000 s107992 r8192 d31272 u2097152
[    0.000000] pcpu-alloc: s107992 r8192 d31272 u2097152 alloc=1*2097152
[    0.000000] pcpu-alloc: [0] 0 
[    0.000000] PV qspinlock hash table entries: 256 (order: 0, 4096 bytes)
[    0.000000] Built 1 zonelists in Node order, mobility grouping on.  Total pages: 1032057
[    0.000000] Policy zone: Normal
[    0.000000] Kernel command line: BOOT_IMAGE=/boot/vmlinuz-4.10.0-38-generic root=UUID=93c24e40-1c78-4521-b5a1-ac48d49cc85f ro quiet splash
[    0.000000] PID hash table entries: 4096 (order: 3, 32768 bytes)
[    0.000000] Calgary: detecting Calgary via BIOS EBDA area
[    0.000000] Calgary: Unable to locate Rio Grande table in EBDA - bailing!
[    0.000000] Memory: 3999592K/4193848K available (9070K kernel code, 1667K rwdata, 3828K rodata, 2228K init, 2364K bss, 194256K reserved, 0K cma-reserved)
[    0.000000] SLUB: HWalign=64, Order=0-3, MinObjects=0, CPUs=1, Nodes=1
[    0.000000] Hierarchical RCU implementation.
[    0.000000] 	Build-time adjustment of leaf fanout to 64.
[    0.000000] 	RCU restricting CPUs from NR_CPUS=8192 to nr_cpu_ids=1.
[    0.000000] RCU: Adjusting geometry for rcu_fanout_leaf=64, nr_cpu_ids=1
[    0.000000] NR_IRQS:524544 nr_irqs:256 16
[    0.000000] Console: colour VGA+ 80x25
[    0.000000] console [tty0] enabled
[    0.000000] tsc: Detected 2699.998 MHz processor
[    0.107717] Calibrating delay loop (skipped) preset value.. 5399.99 BogoMIPS (lpj=10799992)
[    0.107720] pid_max: default: 32768 minimum: 301
[    0.107738] ACPI: Core revision 20160930
[    0.109118] ACPI: 2 ACPI AML tables successfully acquired and loaded
[    0.109166] Security Framework initialized
[    0.109167] Yama: becoming mindful.
[    0.109184] AppArmor: AppArmor initialized
[    0.109906] Dentry cache hash table entries: 524288 (order: 10, 4194304 bytes)
[    0.112032] Inode-cache hash table entries: 262144 (order: 9, 2097152 bytes)
[    0.112515] Mount-cache hash table entries: 8192 (order: 4, 65536 bytes)
[    0.112522] Mountpoint-cache hash table entries: 8192 (order: 4, 65536 bytes)
[    0.112848] CPU: Physical Processor ID: 0
[    0.112868] mce: CPU supports 0 MCE banks
[    0.112896] process: using mwait in idle threads
[    0.112902] Last level iTLB entries: 4KB 64, 2MB 8, 4MB 8
[    0.112903] Last level dTLB entries: 4KB 64, 2MB 0, 4MB 0, 1GB 4
[    0.127717] Freeing SMP alternatives memory: 32K
[    0.128937] ftrace: allocating 34229 entries in 134 pages
[    0.149078] smpboot: Max logical packages: 1
[    0.149414] x2apic enabled
[    0.149677] Switched APIC routing to physical x2apic.
[    0.151698] ..TIMER: vector=0x30 apic1=0 pin1=2 apic2=-1 pin2=-1
[    0.255544] smpboot: CPU0: Intel(R) Core(TM) i5-5257U CPU @ 2.70GHz (family: 0x6, model: 0x3d, stepping: 0x4)
[    0.255660] Performance Events: unsupported p6 CPU model 61 no PMU driver, software events only.
[    0.255700] KVM setup paravirtual spinlock
[    0.257009] smp: Bringing up secondary CPUs ...
[    0.257012] smp: Brought up 1 node, 1 CPU
[    0.257014] smpboot: Total of 1 processors activated (5399.99 BogoMIPS)
[    0.257473] devtmpfs: initialized
[    0.257527] x86/mm: Memory block size: 128MB
[    0.259190] evm: security.selinux
[    0.259191] evm: security.SMACK64
[    0.259191] evm: security.SMACK64EXEC
[    0.259192] evm: security.SMACK64TRANSMUTE
[    0.259192] evm: security.SMACK64MMAP
[    0.259192] evm: security.ima
[    0.259193] evm: security.capability
[    0.259311] clocksource: jiffies: mask: 0xffffffff max_cycles: 0xffffffff, max_idle_ns: 7645041785100000 ns
[    0.259317] futex hash table entries: 256 (order: 2, 16384 bytes)
[    0.259356] pinctrl core: initialized pinctrl subsystem
[    0.259506] RTC time:  2:53:51, date: 11/13/17
[    0.259636] NET: Registered protocol family 16
[    0.260082] cpuidle: using governor ladder
[    0.260084] cpuidle: using governor menu
[    0.260086] PCCT header not found.
[    0.260126] ACPI: bus type PCI registered
[    0.260128] acpiphp: ACPI Hot Plug PCI Controller Driver version: 0.5
[    0.260270] PCI: Using configuration type 1 for base access
[    0.261554] HugeTLB registered 2 MB page size, pre-allocated 0 pages
[    0.261784] ACPI: Added _OSI(Module Device)
[    0.261785] ACPI: Added _OSI(Processor Device)
[    0.261785] ACPI: Added _OSI(3.0 _SCP Extensions)
[    0.261786] ACPI: Added _OSI(Processor Aggregator Device)
[    0.262298] ACPI: Executed 1 blocks of module-level executable AML code
[    0.264938] ACPI: Interpreter enabled
[    0.264951] ACPI: (supports S0 S5)
[    0.264953] ACPI: Using IOAPIC for interrupt routing
[    0.265124] PCI: Using host bridge windows from ACPI; if necessary, use "pci=nocrs" and report a bug
[    0.271070] ACPI: PCI Root Bridge [PCI0] (domain 0000 [bus 00-ff])
[    0.271077] acpi PNP0A03:00: _OSC: OS supports [ASPM ClockPM Segments MSI]
[    0.271098] acpi PNP0A03:00: _OSC: not requesting OS control; OS requires [ExtendedConfig ASPM ClockPM MSI]
[    0.271106] acpi PNP0A03:00: fail to add MMCONFIG information, can't access extended PCI configuration space under this bridge.
[    0.271647] PCI host bridge to bus 0000:00
[    0.271652] pci_bus 0000:00: root bus resource [io  0x0000-0x0cf7 window]
[    0.271653] pci_bus 0000:00: root bus resource [io  0x0d00-0xffff window]
[    0.271654] pci_bus 0000:00: root bus resource [mem 0x000a0000-0x000bffff window]
[    0.271656] pci_bus 0000:00: root bus resource [mem 0xe0000000-0xfdffffff window]
[    0.271659] pci_bus 0000:00: root bus resource [bus 00-ff]
[    0.271745] pci 0000:00:00.0: [8086:1237] type 00 class 0x060000
[    0.272831] pci 0000:00:01.0: [8086:7000] type 00 class 0x060100
[    0.273957] pci 0000:00:01.1: [8086:7111] type 00 class 0x01018a
[    0.274723] pci 0000:00:01.1: reg 0x20: [io  0xd000-0xd00f]
[    0.275064] pci 0000:00:01.1: legacy IDE quirk: reg 0x10: [io  0x01f0-0x01f7]
[    0.275066] pci 0000:00:01.1: legacy IDE quirk: reg 0x14: [io  0x03f6]
[    0.275067] pci 0000:00:01.1: legacy IDE quirk: reg 0x18: [io  0x0170-0x0177]
[    0.275068] pci 0000:00:01.1: legacy IDE quirk: reg 0x1c: [io  0x0376]
[    0.275534] pci 0000:00:02.0: [80ee:beef] type 00 class 0x030000
[    0.280720] pci 0000:00:02.0: reg 0x10: [mem 0xe0000000-0xe7ffffff pref]
[    0.311036] pci 0000:00:03.0: [8086:100e] type 00 class 0x020000
[    0.314393] pci 0000:00:03.0: reg 0x10: [mem 0xf0000000-0xf001ffff]
[    0.322271] pci 0000:00:03.0: reg 0x18: [io  0xd010-0xd017]
[    0.336551] pci 0000:00:04.0: [80ee:cafe] type 00 class 0x088000
[    0.340051] pci 0000:00:04.0: reg 0x10: [io  0xd020-0xd03f]
[    0.342758] pci 0000:00:04.0: reg 0x14: [mem 0xf0400000-0xf07fffff]
[    0.345646] pci 0000:00:04.0: reg 0x18: [mem 0xf0800000-0xf0803fff pref]
[    0.361580] pci 0000:00:05.0: [8086:2415] type 00 class 0x040100
[    0.361772] pci 0000:00:05.0: reg 0x10: [io  0xd100-0xd1ff]
[    0.361908] pci 0000:00:05.0: reg 0x14: [io  0xd200-0xd23f]
[    0.363066] pci 0000:00:06.0: [106b:003f] type 00 class 0x0c0310
[    0.366688] pci 0000:00:06.0: reg 0x10: [mem 0xf0804000-0xf0804fff]
[    0.388538] pci 0000:00:07.0: [8086:7113] type 00 class 0x068000
[    0.388982] pci 0000:00:07.0: quirk: [io  0x4000-0x403f] claimed by PIIX4 ACPI
[    0.388994] pci 0000:00:07.0: quirk: [io  0x4100-0x410f] claimed by PIIX4 SMB
[    0.389345] pci 0000:00:0d.0: [8086:2829] type 00 class 0x010601
[    0.392290] pci 0000:00:0d.0: reg 0x10: [io  0xd240-0xd247]
[    0.395100] pci 0000:00:0d.0: reg 0x14: [io  0xd248-0xd24b]
[    0.398060] pci 0000:00:0d.0: reg 0x18: [io  0xd250-0xd257]
[    0.401352] pci 0000:00:0d.0: reg 0x1c: [io  0xd258-0xd25b]
[    0.404798] pci 0000:00:0d.0: reg 0x20: [io  0xd260-0xd26f]
[    0.408165] pci 0000:00:0d.0: reg 0x24: [mem 0xf0806000-0xf0807fff]
[    0.414302] ACPI: PCI Interrupt Link [LNKA] (IRQs 5 9 10 *11)
[    0.414488] ACPI: PCI Interrupt Link [LNKB] (IRQs 5 9 *10 11)
[    0.414571] ACPI: PCI Interrupt Link [LNKC] (IRQs 5 *9 10 11)
[    0.414652] ACPI: PCI Interrupt Link [LNKD] (IRQs 5 9 10 *11)
[    0.414793] ACPI: Enabled 2 GPEs in block 00 to 07
[    0.415081] SCSI subsystem initialized
[    0.415143] libata version 3.00 loaded.
[    0.415209] pci 0000:00:02.0: vgaarb: setting as boot VGA device
[    0.415211] pci 0000:00:02.0: vgaarb: VGA device added: decodes=io+mem,owns=io+mem,locks=none
[    0.415213] pci 0000:00:02.0: vgaarb: bridge control possible
[    0.415213] vgaarb: loaded
[    0.415237] ACPI: bus type USB registered
[    0.415257] usbcore: registered new interface driver usbfs
[    0.415266] usbcore: registered new interface driver hub
[    0.415273] usbcore: registered new device driver usb
[    0.415371] PCI: Using ACPI for IRQ routing
[    0.415372] PCI: pci_cache_line_size set to 64 bytes
[    0.415603] e820: reserve RAM buffer [mem 0x0009fc00-0x0009ffff]
[    0.415606] e820: reserve RAM buffer [mem 0xdfff0000-0xdfffffff]
[    0.415700] NetLabel: Initializing
[    0.415700] NetLabel:  domain hash size = 128
[    0.415701] NetLabel:  protocols = UNLABELED CIPSOv4 CALIPSO
[    0.415716] NetLabel:  unlabeled traffic allowed by default
[    0.415829] clocksource: Switched to clocksource kvm-clock
[    0.426208] VFS: Disk quotas dquot_6.6.0
[    0.426224] VFS: Dquot-cache hash table entries: 512 (order 0, 4096 bytes)
[    0.426310] AppArmor: AppArmor Filesystem Enabled
[    0.426356] pnp: PnP ACPI init
[    0.426414] pnp 00:00: Plug and Play ACPI device, IDs PNP0303 (active)
[    0.426494] pnp 00:01: Plug and Play ACPI device, IDs PNP0f03 (active)
[    0.427839] pnp: PnP ACPI: found 2 devices
[    0.434298] clocksource: acpi_pm: mask: 0xffffff max_cycles: 0xffffff, max_idle_ns: 2085701024 ns
[    0.434325] pci_bus 0000:00: resource 4 [io  0x0000-0x0cf7 window]
[    0.434328] pci_bus 0000:00: resource 5 [io  0x0d00-0xffff window]
[    0.434329] pci_bus 0000:00: resource 6 [mem 0x000a0000-0x000bffff window]
[    0.434331] pci_bus 0000:00: resource 7 [mem 0xe0000000-0xfdffffff window]
[    0.434409] NET: Registered protocol family 2
[    0.435470] TCP established hash table entries: 32768 (order: 6, 262144 bytes)
[    0.435558] TCP bind hash table entries: 32768 (order: 7, 524288 bytes)
[    0.435656] TCP: Hash tables configured (established 32768 bind 32768)
[    0.435689] UDP hash table entries: 2048 (order: 4, 65536 bytes)
[    0.435702] UDP-Lite hash table entries: 2048 (order: 4, 65536 bytes)
[    0.435757] NET: Registered protocol family 1
[    0.435780] pci 0000:00:00.0: Limiting direct PCI/PCI transfers
[    0.435892] pci 0000:00:01.0: Activating ISA DMA hang workarounds
[    0.435955] pci 0000:00:02.0: Video device with shadowed ROM at [mem 0x000c0000-0x000dffff]
[    0.437241] PCI: CLS 0 bytes, default 64
[    0.437312] Unpacking initramfs...
[    1.020538] Freeing initrd memory: 41088K
[    1.020543] PCI-DMA: Using software bounce buffering for IO (SWIOTLB)
[    1.020545] software IO TLB [mem 0xdbff0000-0xdfff0000] (64MB) mapped at [ffff8c7ddbff0000-ffff8c7ddffeffff]
[    1.020693] platform rtc_cmos: registered platform RTC device (no PNP device found)
[    1.020707] Scanning for low memory corruption every 60 seconds
[    1.020953] audit: initializing netlink subsys (disabled)
[    1.021234] Initialise system trusted keyrings
[    1.021254] audit: type=2000 audit(1510691122.074:1): initialized
[    1.021281] workingset: timestamp_bits=36 max_order=20 bucket_order=0
[    1.022462] zbud: loaded
[    1.022833] squashfs: version 4.0 (2009/01/31) Phillip Lougher
[    1.022988] fuse init (API version 7.26)
[    1.024005] Key type asymmetric registered
[    1.024007] Asymmetric key parser 'x509' registered
[    1.024059] Block layer SCSI generic (bsg) driver version 0.4 loaded (major 248)
[    1.024089] io scheduler noop registered
[    1.024089] io scheduler deadline registered
[    1.024096] io scheduler cfq registered (default)
[    1.024736] ACPI: AC Adapter [AC] (on-line)
[    1.024825] input: Power Button as /devices/LNXSYSTM:00/LNXPWRBN:00/input/input0
[    1.024828] ACPI: Power Button [PWRF]
[    1.025014] input: Sleep Button as /devices/LNXSYSTM:00/LNXSLPBN:00/input/input1
[    1.025017] ACPI: Sleep Button [SLPF]
[    1.025243] GHES: HEST is not enabled!
[    1.026400] ACPI: Battery Slot [BAT0] (battery present)
[    1.026467] Serial: 8250/16550 driver, 32 ports, IRQ sharing enabled
[    1.027719] Linux agpgart interface v0.103
[    1.029433] loop: module loaded
[    1.029619] ata_piix 0000:00:01.1: version 2.13
[    1.030739] scsi host0: ata_piix
[    1.030976] scsi host1: ata_piix
[    1.031021] ata1: PATA max UDMA/33 cmd 0x1f0 ctl 0x3f6 bmdma 0xd000 irq 14
[    1.031023] ata2: PATA max UDMA/33 cmd 0x170 ctl 0x376 bmdma 0xd008 irq 15
[    1.031128] libphy: Fixed MDIO Bus: probed
[    1.031129] tun: Universal TUN/TAP device driver, 1.6
[    1.031130] tun: (C) 1999-2004 Max Krasnyansky <maxk@qualcomm.com>
[    1.031722] PPP generic driver version 2.4.2
[    1.031818] ehci_hcd: USB 2.0 'Enhanced' Host Controller (EHCI) Driver
[    1.031828] ehci-pci: EHCI PCI platform driver
[    1.031849] ehci-platform: EHCI generic platform driver
[    1.031857] ohci_hcd: USB 1.1 'Open' Host Controller (OHCI) Driver
[    1.031860] ohci-pci: OHCI PCI platform driver
[    1.032801] ohci-pci 0000:00:06.0: OHCI PCI host controller
[    1.032811] ohci-pci 0000:00:06.0: new USB bus registered, assigned bus number 1
[    1.032922] ohci-pci 0000:00:06.0: irq 22, io mem 0xf0804000
[    1.092904] usb usb1: New USB device found, idVendor=1d6b, idProduct=0001
[    1.092906] usb usb1: New USB device strings: Mfr=3, Product=2, SerialNumber=1
[    1.092907] usb usb1: Product: OHCI PCI host controller
[    1.092908] usb usb1: Manufacturer: Linux 4.10.0-38-generic ohci_hcd
[    1.092909] usb usb1: SerialNumber: 0000:00:06.0
[    1.093042] hub 1-0:1.0: USB hub found
[    1.093054] hub 1-0:1.0: 12 ports detected
[    1.093446] ohci-platform: OHCI generic platform driver
[    1.093459] uhci_hcd: USB Universal Host Controller Interface driver
[    1.093516] i8042: PNP: PS/2 Controller [PNP0303:PS2K,PNP0f03:PS2M] at 0x60,0x64 irq 1,12
[    1.094012] serio: i8042 KBD port at 0x60,0x64 irq 1
[    1.094018] serio: i8042 AUX port at 0x60,0x64 irq 12
[    1.094128] mousedev: PS/2 mouse device common for all mice
[    1.094492] input: AT Translated Set 2 keyboard as /devices/platform/i8042/serio0/input/input2
[    1.094884] rtc_cmos rtc_cmos: rtc core: registered rtc_cmos as rtc0
[    1.094941] rtc_cmos rtc_cmos: alarms up to one day, 114 bytes nvram
[    1.094946] i2c /dev entries driver
[    1.094996] device-mapper: uevent: version 1.0.3
[    1.095057] device-mapper: ioctl: 4.35.0-ioctl (2016-06-23) initialised: dm-devel@redhat.com
[    1.095069] ledtrig-cpu: registered to indicate activity on CPUs
[    1.095375] NET: Registered protocol family 10
[    1.099380] Segment Routing with IPv6
[    1.099400] NET: Registered protocol family 17
[    1.099410] Key type dns_resolver registered
[    1.099597] registered taskstats version 1
[    1.099606] Loading compiled-in X.509 certificates
[    1.101565] Loaded X.509 cert 'Build time autogenerated kernel key: 0e953fd717aa51b8d9e0128dd1af1f8370b86949'
[    1.101599] zswap: loaded using pool lzo/zbud
[    1.111410] Key type big_key registered
[    1.111413] Key type trusted registered
[    1.112956] Key type encrypted registered
[    1.112960] AppArmor: AppArmor sha1 policy hashing enabled
[    1.112962] ima: No TPM chip found, activating TPM-bypass! (rc=-19)
[    1.112986] evm: HMAC attrs: 0x1
[    1.113337]   Magic number: 9:555:864
[    1.113432] rtc_cmos rtc_cmos: setting system clock to 2017-11-13 02:53:52 UTC (1510541632)
[    1.113507] BIOS EDD facility v0.16 2004-Jun-25, 0 devices found
[    1.113508] EDD information not available.
[    1.113530] PM: Hibernation image not present or could not be loaded.
[    1.192607] ata2.00: ATAPI: VBOX CD-ROM, 1.0, max UDMA/133
[    1.192971] ata2.00: configured for UDMA/33
[    1.193409] scsi 1:0:0:0: CD-ROM            VBOX     CD-ROM           1.0  PQ: 0 ANSI: 5
[    1.204834] sr 1:0:0:0: [sr0] scsi3-mmc drive: 32x/32x xa/form2 tray
[    1.204840] cdrom: Uniform CD-ROM driver Revision: 3.20
[    1.205029] sr 1:0:0:0: Attached scsi CD-ROM sr0
[    1.205353] sr 1:0:0:0: Attached scsi generic sg0 type 5
[    1.207951] Freeing unused kernel memory: 2228K
[    1.207954] Write protecting the kernel read-only data: 14336k
[    1.208370] Freeing unused kernel memory: 1156K
[    1.208984] Freeing unused kernel memory: 268K
[    1.216611] x86/mm: Checked W+X mappings: passed, no W+X pages found.
[    1.232751] random: systemd-udevd: uninitialized urandom read (16 bytes read)
[    1.232833] random: systemd-udevd: uninitialized urandom read (16 bytes read)
[    1.232842] random: systemd-udevd: uninitialized urandom read (16 bytes read)
[    1.233575] random: udevadm: uninitialized urandom read (16 bytes read)
[    1.233604] random: udevadm: uninitialized urandom read (16 bytes read)
[    1.234199] random: udevadm: uninitialized urandom read (16 bytes read)
[    1.234242] random: udevadm: uninitialized urandom read (16 bytes read)
[    1.234253] random: udevadm: uninitialized urandom read (16 bytes read)
[    1.234444] random: udevadm: uninitialized urandom read (16 bytes read)
[    1.234494] random: udevadm: uninitialized urandom read (16 bytes read)
[    1.279371] e1000: Intel(R) PRO/1000 Network Driver - version 7.3.21-k8-NAPI
[    1.279373] e1000: Copyright (c) 1999-2006 Intel Corporation.
[    1.282667] ACPI: Video Device [GFX0] (multi-head: yes  rom: no  post: no)
[    1.282822] input: Video Bus as /devices/LNXSYSTM:00/LNXSYBUS:00/PNP0A03:00/LNXVIDEO:00/input/input4
[    1.287463] FUJITSU Extended Socket Network Device Driver - version 1.2 - Copyright (c) 2015 FUJITSU LIMITED
[    1.487165] usb 1-1: new full-speed USB device number 2 using ohci-pci
[    1.509947] input: ImExPS/2 Generic Explorer Mouse as /devices/platform/i8042/serio1/input/input5
[    1.757971] e1000 0000:00:03.0 eth0: (PCI:33MHz:32-bit) 08:00:27:f8:c5:22
[    1.757975] e1000 0000:00:03.0 eth0: Intel(R) PRO/1000 Network Connection
[    1.757997] ahci 0000:00:0d.0: version 3.0
[    1.758542] ahci 0000:00:0d.0: SSS flag set, parallel bus scan disabled
[    1.758715] ahci 0000:00:0d.0: AHCI 0001.0100 32 slots 1 ports 3 Gbps 0x1 impl SATA mode
[    1.758716] ahci 0000:00:0d.0: flags: 64bit ncq stag only ccc 
[    1.759841] e1000 0000:00:03.0 enp0s3: renamed from eth0
[    1.760840] scsi host2: ahci
[    1.760913] ata3: SATA max UDMA/133 abar m8192@0xf0806000 port 0xf0806100 irq 21
[    1.796133] usb 1-1: New USB device found, idVendor=80ee, idProduct=0021
[    1.796135] usb 1-1: New USB device strings: Mfr=1, Product=3, SerialNumber=0
[    1.796136] usb 1-1: Product: USB Tablet
[    1.796136] usb 1-1: Manufacturer: VirtualBox
[    1.797221] random: fast init done
[    1.804097] hidraw: raw HID events driver (C) Jiri Kosina
[    1.815156] usbcore: registered new interface driver usbhid
[    1.815157] usbhid: USB HID core driver
[    1.820435] input: VirtualBox USB Tablet as /devices/pci0000:00/0000:00:06.0/usb1/1-1/1-1:1.0/0003:80EE:0021.0001/input/input6
[    1.820767] hid-generic 0003:80EE:0021.0001: input,hidraw0: USB HID v1.10 Mouse [VirtualBox USB Tablet] on usb-0000:00:06.0-1/input0
[    2.048069] tsc: Refined TSC clocksource calibration: 2690.644 MHz
[    2.048072] clocksource: tsc: mask: 0xffffffffffffffff max_cycles: 0x26c8b8880d7, max_idle_ns: 440795330931 ns
[    2.073050] ata3: SATA link up 3.0 Gbps (SStatus 123 SControl 300)
[    2.073159] ata3.00: ATA-6: VBOX HARDDISK, 1.0, max UDMA/133
[    2.073160] ata3.00: 20971520 sectors, multi 128: LBA48 NCQ (depth 31/32)
[    2.073292] ata3.00: configured for UDMA/133
[    2.073407] scsi 2:0:0:0: Direct-Access     ATA      VBOX HARDDISK    1.0  PQ: 0 ANSI: 5
[    2.073594] sd 2:0:0:0: [sda] 20971520 512-byte logical blocks: (10.7 GB/10.0 GiB)
[    2.073599] sd 2:0:0:0: [sda] Write Protect is off
[    2.073601] sd 2:0:0:0: [sda] Mode Sense: 00 3a 00 00
[    2.073608] sd 2:0:0:0: [sda] Write cache: enabled, read cache: enabled, doesn't support DPO or FUA
[    2.073751] sd 2:0:0:0: Attached scsi generic sg1 type 0
[    2.075386]  sda: sda1 sda2 < sda5 >
[    2.075650] sd 2:0:0:0: [sda] Attached SCSI disk
[    4.544688] floppy0: no floppy controllers found
[    4.544753] work still pending
[   11.193122] EXT4-fs (sda1): mounted filesystem with ordered data mode. Opts: (null)
[   11.434055] systemd[1]: systemd 229 running in system mode. (+PAM +AUDIT +SELINUX +IMA +APPARMOR +SMACK +SYSVINIT +UTMP +LIBCRYPTSETUP +GCRYPT +GNUTLS +ACL +XZ -LZ4 +SECCOMP +BLKID +ELFUTILS +KMOD -IDN)
[   11.434095] systemd[1]: Detected virtualization oracle.
[   11.434099] systemd[1]: Detected architecture x86-64.
[   11.435355] systemd[1]: Set hostname to <exbracer-VirtualBox>.
[   11.807508] systemd[1]: Started Trigger resolvconf update for networkd DNS.
[   11.807658] systemd[1]: Listening on udev Kernel Socket.
[   11.807716] systemd[1]: Listening on Journal Socket.
[   11.807994] systemd[1]: Set up automount Arbitrary Executable File Formats File System Automount Point.
[   11.808039] systemd[1]: Listening on udev Control Socket.
[   11.808061] systemd[1]: Listening on fsck to fsckd communication Socket.
[   11.946609] lp: driver loaded but no devices found
[   11.982499] ppdev: user-space parallel port driver
[   12.218281] EXT4-fs (sda1): re-mounted. Opts: errors=remount-ro
[   12.282380] systemd-journald[288]: Received request to flush runtime journal from PID 1
[   12.629429] vgdrvHeartbeatInit: Setting up heartbeat to trigger every 2000 milliseconds
[   12.629615] input: Unspecified device as /devices/pci0000:00/0000:00:04.0/input/input7
[   12.633349] vboxguest: misc device minor 55, IRQ 20, I/O port d020, MMIO at 00000000f0400000 (size 0x400000)
[   12.633350] vboxguest: Successfully loaded version 5.1.16_Ubuntu (interface 0x00010004)
[   12.644303] [drm] Initialized
[   12.670748] piix4_smbus 0000:00:07.0: SMBus Host Controller at 0x4100, revision 0
[   12.866377] [drm] VRAM 08000000
[   12.885872] [TTM] Zone  kernel: Available graphics memory: 2022182 kiB
[   12.885873] [TTM] Initializing pool allocator
[   12.885877] [TTM] Initializing DMA pool allocator
[   12.886230] fbcon: vboxdrmfb (fb0) is primary device
[   13.006317] Console: switching to colour frame buffer device 100x37
[   13.045296] vboxvideo 0000:00:02.0: fb0: vboxdrmfb frame buffer device
[   13.071670] [drm] Initialized vboxvideo 1.0.0 20130823 for 0000:00:02.0 on minor 0
[   13.218209] audit: type=1400 audit(1510635514.922:2): apparmor="STATUS" operation="profile_load" profile="unconfined" name="/usr/lib/lightdm/lightdm-guest-session" pid=516 comm="apparmor_parser"
[   13.218212] audit: type=1400 audit(1510635514.922:3): apparmor="STATUS" operation="profile_load" profile="unconfined" name="/usr/lib/lightdm/lightdm-guest-session//chromium" pid=516 comm="apparmor_parser"
[   13.309523] audit: type=1400 audit(1510635515.014:4): apparmor="STATUS" operation="profile_load" profile="unconfined" name="/sbin/dhclient" pid=519 comm="apparmor_parser"
[   13.309525] audit: type=1400 audit(1510635515.014:5): apparmor="STATUS" operation="profile_load" profile="unconfined" name="/usr/lib/NetworkManager/nm-dhcp-client.action" pid=519 comm="apparmor_parser"
[   13.309525] audit: type=1400 audit(1510635515.014:6): apparmor="STATUS" operation="profile_load" profile="unconfined" name="/usr/lib/NetworkManager/nm-dhcp-helper" pid=519 comm="apparmor_parser"
[   13.309526] audit: type=1400 audit(1510635515.014:7): apparmor="STATUS" operation="profile_load" profile="unconfined" name="/usr/lib/connman/scripts/dhclient-script" pid=519 comm="apparmor_parser"
[   13.346363] RAPL PMU: API unit is 2^-32 Joules, 4 fixed counters, 10737418240 ms ovfl timer
[   13.346365] RAPL PMU: hw unit of domain pp0-core 2^-0 Joules
[   13.346366] RAPL PMU: hw unit of domain package 2^-0 Joules
[   13.346366] RAPL PMU: hw unit of domain dram 2^-0 Joules
[   13.346366] RAPL PMU: hw unit of domain pp1-gpu 2^-0 Joules
[   13.374493] audit: type=1400 audit(1510635515.078:8): apparmor="STATUS" operation="profile_load" profile="unconfined" name="/usr/bin/evince" pid=526 comm="apparmor_parser"
[   13.374496] audit: type=1400 audit(1510635515.078:9): apparmor="STATUS" operation="profile_load" profile="unconfined" name="/usr/bin/evince//sanitized_helper" pid=526 comm="apparmor_parser"
[   13.374497] audit: type=1400 audit(1510635515.078:10): apparmor="STATUS" operation="profile_load" profile="unconfined" name="/usr/bin/evince-previewer" pid=526 comm="apparmor_parser"
[   13.374498] audit: type=1400 audit(1510635515.078:11): apparmor="STATUS" operation="profile_load" profile="unconfined" name="/usr/bin/evince-previewer//sanitized_helper" pid=526 comm="apparmor_parser"
[   13.395065] AVX2 version of gcm_enc/dec engaged.
[   13.395067] AES CTR mode by8 optimization enabled
[   14.340968] random: crng init done
[   15.106807] snd_intel8x0 0000:00:05.0: white list rate for 1028:0177 is 48000
[   15.215947] Adding 4190716k swap on /dev/mapper/cryptswap1.  Priority:-1 extents:1 across:4190716k FS
[   16.063940] floppy0: no floppy controllers found
[   16.063984] work still pending
[   16.630307] IPv6: ADDRCONF(NETDEV_UP): enp0s3: link is not ready
[   16.633670] IPv6: ADDRCONF(NETDEV_UP): enp0s3: link is not ready
[   16.637659] e1000: enp0s3 NIC Link is Up 1000 Mbps Full Duplex, Flow Control: RX
[   16.638333] IPv6: ADDRCONF(NETDEV_CHANGE): enp0s3: link becomes ready
[  159.680351] lec04_p20: loading out-of-tree module taints kernel.
[  159.680353] lec04_p20: module license 'unspecified' taints kernel.
[  159.680353] Disabling lock debugging due to kernel taint
[  159.680377] lec04_p20: module verification failed: signature and/or required key missing - tainting kernel
[  159.682224] [LOWLEVEL]: Entering module.
[  159.682227] [LOWLEVEL]: array[0] = 0
[  159.682228] [LOWLEVEL]: array[1] = 1
[  159.682228] [LOWLEVEL]: array[2] = 2
[  159.682228] [LOWLEVEL]: array[3] = 3
[  159.682229] [LOWLEVEL]: array[4] = 4
[  159.682229] [LOWLEVEL]: array[5] = 5
[  159.682230] [LOWLEVEL]: array[6] = 6
[  159.682230] [LOWLEVEL]: array[7] = 7
[  159.682230] [LOWLEVEL]: array[8] = 8
[  159.682231] [LOWLEVEL]: array[9] = 9
[  159.682231] [LOWLEVEL]: array[10] = 10
[  159.682232] [LOWLEVEL]: array[11] = 11
[  159.682232] [LOWLEVEL]: array[12] = 12
[  159.682232] [LOWLEVEL]: array[13] = 13
[  159.682233] [LOWLEVEL]: array[14] = 14
[  159.682233] [LOWLEVEL]: array[15] = 15
[  159.682234] [LOWLEVEL]: array[16] = 16
[  159.682234] [LOWLEVEL]: array[17] = 17
[  159.682234] [LOWLEVEL]: array[18] = 18
[  159.682235] [LOWLEVEL]: array[19] = 19
[  159.682235] [LOWLEVEL]: array[20] = 20
[  159.682235] [LOWLEVEL]: array[21] = 21
[  159.682236] [LOWLEVEL]: array[22] = 22
[  159.682236] [LOWLEVEL]: array[23] = 23
[  159.682237] [LOWLEVEL]: array[24] = 24
[  159.682237] [LOWLEVEL]: array[25] = 25
[  159.682237] [LOWLEVEL]: array[26] = 26
[  159.682238] [LOWLEVEL]: array[27] = 27
[  159.682238] [LOWLEVEL]: array[28] = 28
[  159.682239] [LOWLEVEL]: array[29] = 29
[  159.682239] [LOWLEVEL]: array[30] = 30
[  159.682239] [LOWLEVEL]: array[31] = 31
[  159.682240] [LOWLEVEL]: array[32] = 32
[  159.682240] [LOWLEVEL]: array[33] = 33
[  159.682240] [LOWLEVEL]: array[34] = 34
[  159.682241] [LOWLEVEL]: array[35] = 35
[  159.682241] [LOWLEVEL]: array[36] = 36
[  159.682242] [LOWLEVEL]: array[37] = 37
[  159.682242] [LOWLEVEL]: array[38] = 38
[  159.682242] [LOWLEVEL]: array[39] = 39
[  159.682243] [LOWLEVEL]: array[40] = 40
[  159.682243] [LOWLEVEL]: array[41] = 41
[  159.682244] [LOWLEVEL]: array[42] = 42
[  159.682244] [LOWLEVEL]: array[43] = 43
[  159.682244] [LOWLEVEL]: array[44] = 44
[  159.682245] [LOWLEVEL]: array[45] = 45
[  159.682245] [LOWLEVEL]: array[46] = 46
[  159.682246] [LOWLEVEL]: array[47] = 47
[  159.682246] [LOWLEVEL]: array[48] = 48
[  159.682246] [LOWLEVEL]: array[49] = 49
[  159.682247] [LOWLEVEL]: array[50] = 50
[  159.682247] [LOWLEVEL]: array[51] = 51
[  159.682247] [LOWLEVEL]: array[52] = 52
[  159.682248] [LOWLEVEL]: array[53] = 53
[  159.682248] [LOWLEVEL]: array[54] = 54
[  159.682249] [LOWLEVEL]: array[55] = 55
[  159.682249] [LOWLEVEL]: array[56] = 56
[  159.682249] [LOWLEVEL]: array[57] = 57
[  159.682250] [LOWLEVEL]: array[58] = 58
[  159.682250] [LOWLEVEL]: array[59] = 59
[  159.682251] [LOWLEVEL]: array[60] = 60
[  159.682251] [LOWLEVEL]: array[61] = 61
[  159.682251] [LOWLEVEL]: array[62] = 62
[  159.682252] [LOWLEVEL]: array[63] = 63
[  159.682252] [LOWLEVEL]: array[64] = 64
[  159.682252] [LOWLEVEL]: array[65] = 65
[  159.682253] [LOWLEVEL]: array[66] = 66
[  159.682253] [LOWLEVEL]: array[67] = 67
[  159.682254] [LOWLEVEL]: array[68] = 68
[  159.682254] [LOWLEVEL]: array[69] = 69
[  159.682254] [LOWLEVEL]: array[70] = 70
[  159.682255] [LOWLEVEL]: array[71] = 71
[  159.682255] [LOWLEVEL]: array[72] = 72
[  159.682256] [LOWLEVEL]: array[73] = 73
[  159.682256] [LOWLEVEL]: array[74] = 74
[  159.682256] [LOWLEVEL]: array[75] = 75
[  159.682257] [LOWLEVEL]: array[76] = 76
[  159.682257] [LOWLEVEL]: array[77] = 77
[  159.682257] [LOWLEVEL]: array[78] = 78
[  159.682258] [LOWLEVEL]: array[79] = 79
[  159.682258] [LOWLEVEL]: array[80] = 80
[  159.682259] [LOWLEVEL]: array[81] = 81
[  159.682259] [LOWLEVEL]: array[82] = 82
[  159.682259] [LOWLEVEL]: array[83] = 83
[  159.682260] [LOWLEVEL]: array[84] = 84
[  159.682260] [LOWLEVEL]: array[85] = 85
[  159.682261] [LOWLEVEL]: array[86] = 86
[  159.682261] [LOWLEVEL]: array[87] = 87
[  159.682261] [LOWLEVEL]: array[88] = 88
[  159.682262] [LOWLEVEL]: array[89] = 89
[  159.682262] [LOWLEVEL]: array[90] = 90
[  159.682262] [LOWLEVEL]: array[91] = 91
[  159.682263] [LOWLEVEL]: array[92] = 92
[  159.682263] [LOWLEVEL]: array[93] = 93
[  159.682264] [LOWLEVEL]: array[94] = 94
[  159.682264] [LOWLEVEL]: array[95] = 95
[  159.682264] [LOWLEVEL]: array[96] = 96
[  159.682265] [LOWLEVEL]: array[97] = 97
[  159.682265] [LOWLEVEL]: array[98] = 98
[  159.682266] [LOWLEVEL]: array[99] = 99
[  159.682266] [LOWLEVEL]: array[100] = 100
[  159.682266] [LOWLEVEL]: array[101] = 101
[  159.682267] [LOWLEVEL]: array[102] = 102
[  159.682267] [LOWLEVEL]: array[103] = 103
[  159.682268] [LOWLEVEL]: array[104] = 104
[  159.682268] [LOWLEVEL]: array[105] = 105
[  159.682268] [LOWLEVEL]: array[106] = 106
[  159.682269] [LOWLEVEL]: array[107] = 107
[  159.682269] [LOWLEVEL]: array[108] = 108
[  159.682270] [LOWLEVEL]: array[109] = 109
[  159.682270] [LOWLEVEL]: array[110] = 110
[  159.682270] [LOWLEVEL]: array[111] = 111
[  159.682271] [LOWLEVEL]: array[112] = 112
[  159.682271] [LOWLEVEL]: array[113] = 113
[  159.682271] [LOWLEVEL]: array[114] = 114
[  159.682272] [LOWLEVEL]: array[115] = 115
[  159.682272] [LOWLEVEL]: array[116] = 116
[  159.682273] [LOWLEVEL]: array[117] = 117
[  159.682273] [LOWLEVEL]: array[118] = 118
[  159.682273] [LOWLEVEL]: array[119] = 119
[  159.682274] [LOWLEVEL]: array[120] = 120
[  159.682274] [LOWLEVEL]: array[121] = 121
[  159.682275] [LOWLEVEL]: array[122] = 122
[  159.682275] [LOWLEVEL]: array[123] = 123
[  159.682275] [LOWLEVEL]: array[124] = 124
[  159.682276] [LOWLEVEL]: array[125] = 125
[  159.682276] [LOWLEVEL]: array[126] = 126
[  159.682277] [LOWLEVEL]: array[127] = 127
[  159.682277] [LOWLEVEL]: array[128] = 128
[  159.682277] [LOWLEVEL]: array[129] = 129
[  159.682278] [LOWLEVEL]: array[130] = 130
[  159.682278] [LOWLEVEL]: array[131] = 131
[  159.682278] [LOWLEVEL]: array[132] = 132
[  159.682279] [LOWLEVEL]: array[133] = 133
[  159.682279] [LOWLEVEL]: array[134] = 134
[  159.682280] [LOWLEVEL]: array[135] = 135
[  159.682280] [LOWLEVEL]: array[136] = 136
[  159.682280] [LOWLEVEL]: array[137] = 137
[  159.682281] [LOWLEVEL]: array[138] = 138
[  159.682281] [LOWLEVEL]: array[139] = 139
[  159.682282] [LOWLEVEL]: array[140] = 140
[  159.682282] [LOWLEVEL]: array[141] = 141
[  159.682282] [LOWLEVEL]: array[142] = 142
[  159.682283] [LOWLEVEL]: array[143] = 143
[  159.682283] [LOWLEVEL]: array[144] = 144
[  159.682283] [LOWLEVEL]: array[145] = 145
[  159.682284] [LOWLEVEL]: array[146] = 146
[  159.682284] [LOWLEVEL]: array[147] = 147
[  159.682285] [LOWLEVEL]: array[148] = 148
[  159.682285] [LOWLEVEL]: array[149] = 149
[  159.682285] [LOWLEVEL]: array[150] = 150
[  159.682286] [LOWLEVEL]: array[151] = 151
[  159.682286] [LOWLEVEL]: array[152] = 152
[  159.682287] [LOWLEVEL]: array[153] = 153
[  159.682287] [LOWLEVEL]: array[154] = 154
[  159.682287] [LOWLEVEL]: array[155] = 155
[  159.682288] [LOWLEVEL]: array[156] = 156
[  159.682288] [LOWLEVEL]: array[157] = 157
[  159.682288] [LOWLEVEL]: array[158] = 158
[  159.682289] [LOWLEVEL]: array[159] = 159
[  159.682289] [LOWLEVEL]: array[160] = 160
[  159.682290] [LOWLEVEL]: array[161] = 161
[  159.682290] [LOWLEVEL]: array[162] = 162
[  159.682290] [LOWLEVEL]: array[163] = 163
[  159.682291] [LOWLEVEL]: array[164] = 164
[  159.682291] [LOWLEVEL]: array[165] = 165
[  159.682292] [LOWLEVEL]: array[166] = 166
[  159.682292] [LOWLEVEL]: array[167] = 167
[  159.682292] [LOWLEVEL]: array[168] = 168
[  159.682293] [LOWLEVEL]: array[169] = 169
[  159.682293] [LOWLEVEL]: array[170] = 170
[  159.682294] [LOWLEVEL]: array[171] = 171
[  159.682294] [LOWLEVEL]: array[172] = 172
[  159.682294] [LOWLEVEL]: array[173] = 173
[  159.682295] [LOWLEVEL]: array[174] = 174
[  159.682295] [LOWLEVEL]: array[175] = 175
[  159.682295] [LOWLEVEL]: array[176] = 176
[  159.682296] [LOWLEVEL]: array[177] = 177
[  159.682296] [LOWLEVEL]: array[178] = 178
[  159.682297] [LOWLEVEL]: array[179] = 179
[  159.682297] [LOWLEVEL]: array[180] = 180
[  159.682297] [LOWLEVEL]: array[181] = 181
[  159.682298] [LOWLEVEL]: array[182] = 182
[  159.682298] [LOWLEVEL]: array[183] = 183
[  159.682299] [LOWLEVEL]: array[184] = 184
[  159.682299] [LOWLEVEL]: array[185] = 185
[  159.682299] [LOWLEVEL]: array[186] = 186
[  159.682300] [LOWLEVEL]: array[187] = 187
[  159.682300] [LOWLEVEL]: array[188] = 188
[  159.682301] [LOWLEVEL]: array[189] = 189
[  159.682301] [LOWLEVEL]: array[190] = 190
[  159.682301] [LOWLEVEL]: array[191] = 191
[  159.682302] [LOWLEVEL]: array[192] = 192
[  159.682302] [LOWLEVEL]: array[193] = 193
[  159.682302] [LOWLEVEL]: array[194] = 194
[  159.682303] [LOWLEVEL]: array[195] = 195
[  159.682303] [LOWLEVEL]: array[196] = 196
[  159.682304] [LOWLEVEL]: array[197] = 197
[  159.682304] [LOWLEVEL]: array[198] = 198
[  159.682304] [LOWLEVEL]: array[199] = 199
[  159.682305] [LOWLEVEL]: array[200] = 200
[  159.682305] [LOWLEVEL]: array[201] = 201
[  159.682306] [LOWLEVEL]: array[202] = 202
[  159.682306] [LOWLEVEL]: array[203] = 203
[  159.682306] [LOWLEVEL]: array[204] = 204
[  159.682307] [LOWLEVEL]: array[205] = 205
[  159.682307] [LOWLEVEL]: array[206] = 206
[  159.682307] [LOWLEVEL]: array[207] = 207
[  159.682308] [LOWLEVEL]: array[208] = 208
[  159.682308] [LOWLEVEL]: array[209] = 209
[  159.682309] [LOWLEVEL]: array[210] = 210
[  159.682309] [LOWLEVEL]: array[211] = 211
[  159.682309] [LOWLEVEL]: array[212] = 212
[  159.682310] [LOWLEVEL]: array[213] = 213
[  159.682310] [LOWLEVEL]: array[214] = 214
[  159.682311] [LOWLEVEL]: array[215] = 215
[  159.682311] [LOWLEVEL]: array[216] = 216
[  159.682311] [LOWLEVEL]: array[217] = 217
[  159.682312] [LOWLEVEL]: array[218] = 218
[  159.682312] [LOWLEVEL]: array[219] = 219
[  159.682313] [LOWLEVEL]: array[220] = 220
[  159.682313] [LOWLEVEL]: array[221] = 221
[  159.682313] [LOWLEVEL]: array[222] = 222
[  159.682314] [LOWLEVEL]: array[223] = 223
[  159.682314] [LOWLEVEL]: array[224] = 224
[  159.682314] [LOWLEVEL]: array[225] = 225
[  159.682315] [LOWLEVEL]: array[226] = 226
[  159.682315] [LOWLEVEL]: array[227] = 227
[  159.682316] [LOWLEVEL]: array[228] = 228
[  159.682316] [LOWLEVEL]: array[229] = 229
[  159.682316] [LOWLEVEL]: array[230] = 230
[  159.682317] [LOWLEVEL]: array[231] = 231
[  159.682317] [LOWLEVEL]: array[232] = 232
[  159.682318] [LOWLEVEL]: array[233] = 233
[  159.682318] [LOWLEVEL]: array[234] = 234
[  159.682318] [LOWLEVEL]: array[235] = 235
[  159.682319] [LOWLEVEL]: array[236] = 236
[  159.682319] [LOWLEVEL]: array[237] = 237
[  159.682319] [LOWLEVEL]: array[238] = 238
[  159.682320] [LOWLEVEL]: array[239] = 239
[  159.682320] [LOWLEVEL]: array[240] = 240
[  159.682321] [LOWLEVEL]: array[241] = 241
[  159.682321] [LOWLEVEL]: array[242] = 242
[  159.682321] [LOWLEVEL]: array[243] = 243
[  159.682322] [LOWLEVEL]: array[244] = 244
[  159.682339] [LOWLEVEL]: array[245] = 245
[  159.682340] [LOWLEVEL]: array[246] = 246
[  159.682340] [LOWLEVEL]: array[247] = 247
[  159.682341] [LOWLEVEL]: array[248] = 248
[  159.682341] [LOWLEVEL]: array[249] = 249
[  159.682341] [LOWLEVEL]: array[250] = 250
[  159.682342] [LOWLEVEL]: array[251] = 251
[  159.682342] [LOWLEVEL]: array[252] = 252
[  159.682342] [LOWLEVEL]: array[253] = 253
[  159.682343] [LOWLEVEL]: array[254] = 254
[  159.682343] [LOWLEVEL]: array[255] = 255
[  159.682344] [LOWLEVEL]: array[256] = 256
[  159.682344] [LOWLEVEL]: array[257] = 257
[  159.682344] [LOWLEVEL]: array[258] = 258
[  159.682345] [LOWLEVEL]: array[259] = 259
[  159.682345] [LOWLEVEL]: array[260] = 260
[  159.682346] [LOWLEVEL]: array[261] = 261
[  159.682346] [LOWLEVEL]: array[262] = 262
[  159.682346] [LOWLEVEL]: array[263] = 263
[  159.682347] [LOWLEVEL]: array[264] = 264
[  159.682347] [LOWLEVEL]: array[265] = 265
[  159.682348] [LOWLEVEL]: array[266] = 266
[  159.682348] [LOWLEVEL]: array[267] = 267
[  159.682348] [LOWLEVEL]: array[268] = 268
[  159.682349] [LOWLEVEL]: array[269] = 269
[  159.682349] [LOWLEVEL]: array[270] = 270
[  159.682349] [LOWLEVEL]: array[271] = 271
[  159.682350] [LOWLEVEL]: array[272] = 272
[  159.682350] [LOWLEVEL]: array[273] = 273
[  159.682351] [LOWLEVEL]: array[274] = 274
[  159.682351] [LOWLEVEL]: array[275] = 275
[  159.682351] [LOWLEVEL]: array[276] = 276
[  159.682352] [LOWLEVEL]: array[277] = 277
[  159.682352] [LOWLEVEL]: array[278] = 278
[  159.682353] [LOWLEVEL]: array[279] = 279
[  159.682353] [LOWLEVEL]: array[280] = 280
[  159.682353] [LOWLEVEL]: array[281] = 281
[  159.682354] [LOWLEVEL]: array[282] = 282
[  159.682354] [LOWLEVEL]: array[283] = 283
[  159.682355] [LOWLEVEL]: array[284] = 284
[  159.682355] [LOWLEVEL]: array[285] = 285
[  159.682355] [LOWLEVEL]: array[286] = 286
[  159.682356] [LOWLEVEL]: array[287] = 287
[  159.682356] [LOWLEVEL]: array[288] = 288
[  159.682356] [LOWLEVEL]: array[289] = 289
[  159.682357] [LOWLEVEL]: array[290] = 290
[  159.682357] [LOWLEVEL]: array[291] = 291
[  159.682358] [LOWLEVEL]: array[292] = 292
[  159.682358] [LOWLEVEL]: array[293] = 293
[  159.682358] [LOWLEVEL]: array[294] = 294
[  159.682359] [LOWLEVEL]: array[295] = 295
[  159.682359] [LOWLEVEL]: array[296] = 296
[  159.682360] [LOWLEVEL]: array[297] = 297
[  159.682360] [LOWLEVEL]: array[298] = 298
[  159.682360] [LOWLEVEL]: array[299] = 299
[  159.682361] [LOWLEVEL]: array[300] = 300
[  159.682361] [LOWLEVEL]: array[301] = 301
[  159.682362] [LOWLEVEL]: array[302] = 302
[  159.682362] [LOWLEVEL]: array[303] = 303
[  159.682362] [LOWLEVEL]: array[304] = 304
[  159.682363] [LOWLEVEL]: array[305] = 305
[  159.682363] [LOWLEVEL]: array[306] = 306
[  159.682363] [LOWLEVEL]: array[307] = 307
[  159.682364] [LOWLEVEL]: array[308] = 308
[  159.682364] [LOWLEVEL]: array[309] = 309
[  159.682365] [LOWLEVEL]: array[310] = 310
[  159.682365] [LOWLEVEL]: array[311] = 311
[  159.682365] [LOWLEVEL]: array[312] = 312
[  159.682366] [LOWLEVEL]: array[313] = 313
[  159.682366] [LOWLEVEL]: array[314] = 314
[  159.682367] [LOWLEVEL]: array[315] = 315
[  159.682367] [LOWLEVEL]: array[316] = 316
[  159.682367] [LOWLEVEL]: array[317] = 317
[  159.682368] [LOWLEVEL]: array[318] = 318
[  159.682368] [LOWLEVEL]: array[319] = 319
[  159.682369] [LOWLEVEL]: array[320] = 320
[  159.682369] [LOWLEVEL]: array[321] = 321
[  159.682369] [LOWLEVEL]: array[322] = 322
[  159.682370] [LOWLEVEL]: array[323] = 323
[  159.682370] [LOWLEVEL]: array[324] = 324
[  159.682370] [LOWLEVEL]: array[325] = 325
[  159.682371] [LOWLEVEL]: array[326] = 326
[  159.682371] [LOWLEVEL]: array[327] = 327
[  159.682372] [LOWLEVEL]: array[328] = 328
[  159.682372] [LOWLEVEL]: array[329] = 329
[  159.682372] [LOWLEVEL]: array[330] = 330
[  159.682373] [LOWLEVEL]: array[331] = 331
[  159.682373] [LOWLEVEL]: array[332] = 332
[  159.682374] [LOWLEVEL]: array[333] = 333
[  159.682374] [LOWLEVEL]: array[334] = 334
[  159.682374] [LOWLEVEL]: array[335] = 335
[  159.682375] [LOWLEVEL]: array[336] = 336
[  159.682375] [LOWLEVEL]: array[337] = 337
[  159.682376] [LOWLEVEL]: array[338] = 338
[  159.682376] [LOWLEVEL]: array[339] = 339
[  159.682376] [LOWLEVEL]: array[340] = 340
[  159.682377] [LOWLEVEL]: array[341] = 341
[  159.682377] [LOWLEVEL]: array[342] = 342
[  159.682377] [LOWLEVEL]: array[343] = 343
[  159.682378] [LOWLEVEL]: array[344] = 344
[  159.682378] [LOWLEVEL]: array[345] = 345
[  159.682379] [LOWLEVEL]: array[346] = 346
[  159.682379] [LOWLEVEL]: array[347] = 347
[  159.682379] [LOWLEVEL]: array[348] = 348
[  159.682380] [LOWLEVEL]: array[349] = 349
[  159.682380] [LOWLEVEL]: array[350] = 350
[  159.682381] [LOWLEVEL]: array[351] = 351
[  159.682381] [LOWLEVEL]: array[352] = 352
[  159.682381] [LOWLEVEL]: array[353] = 353
[  159.682382] [LOWLEVEL]: array[354] = 354
[  159.682382] [LOWLEVEL]: array[355] = 355
[  159.682383] [LOWLEVEL]: array[356] = 356
[  159.682383] [LOWLEVEL]: array[357] = 357
[  159.682383] [LOWLEVEL]: array[358] = 358
[  159.682384] [LOWLEVEL]: array[359] = 359
[  159.682384] [LOWLEVEL]: array[360] = 360
[  159.682384] [LOWLEVEL]: array[361] = 361
[  159.682385] [LOWLEVEL]: array[362] = 362
[  159.682385] [LOWLEVEL]: array[363] = 363
[  159.682386] [LOWLEVEL]: array[364] = 364
[  159.682386] [LOWLEVEL]: array[365] = 365
[  159.682386] [LOWLEVEL]: array[366] = 366
[  159.682387] [LOWLEVEL]: array[367] = 367
[  159.682387] [LOWLEVEL]: array[368] = 368
[  159.682388] [LOWLEVEL]: array[369] = 369
[  159.682388] [LOWLEVEL]: array[370] = 370
[  159.682388] [LOWLEVEL]: array[371] = 371
[  159.682389] [LOWLEVEL]: array[372] = 372
[  159.682389] [LOWLEVEL]: array[373] = 373
[  159.682390] [LOWLEVEL]: array[374] = 374
[  159.682390] [LOWLEVEL]: array[375] = 375
[  159.682390] [LOWLEVEL]: array[376] = 376
[  159.682391] [LOWLEVEL]: array[377] = 377
[  159.682391] [LOWLEVEL]: array[378] = 378
[  159.682391] [LOWLEVEL]: array[379] = 379
[  159.682392] [LOWLEVEL]: array[380] = 380
[  159.682392] [LOWLEVEL]: array[381] = 381
[  159.682393] [LOWLEVEL]: array[382] = 382
[  159.682393] [LOWLEVEL]: array[383] = 383
[  159.682393] [LOWLEVEL]: array[384] = 384
[  159.682394] [LOWLEVEL]: array[385] = 385
[  159.682394] [LOWLEVEL]: array[386] = 386
[  159.682395] [LOWLEVEL]: array[387] = 387
[  159.682395] [LOWLEVEL]: array[388] = 388
[  159.682395] [LOWLEVEL]: array[389] = 389
[  159.682396] [LOWLEVEL]: array[390] = 390
[  159.682396] [LOWLEVEL]: array[391] = 391
[  159.682396] [LOWLEVEL]: array[392] = 392
[  159.682397] [LOWLEVEL]: array[393] = 393
[  159.682397] [LOWLEVEL]: array[394] = 394
[  159.682398] [LOWLEVEL]: array[395] = 395
[  159.682398] [LOWLEVEL]: array[396] = 396
[  159.682398] [LOWLEVEL]: array[397] = 397
[  159.682399] [LOWLEVEL]: array[398] = 398
[  159.682399] [LOWLEVEL]: array[399] = 399
[  159.682400] [LOWLEVEL]: array[400] = 400
[  159.682400] [LOWLEVEL]: array[401] = 401
[  159.682400] [LOWLEVEL]: array[402] = 402
[  159.682401] [LOWLEVEL]: array[403] = 403
[  159.682401] [LOWLEVEL]: array[404] = 404
[  159.682402] [LOWLEVEL]: array[405] = 405
[  159.682402] [LOWLEVEL]: array[406] = 406
[  159.682402] [LOWLEVEL]: array[407] = 407
[  159.682403] [LOWLEVEL]: array[408] = 408
[  159.682403] [LOWLEVEL]: array[409] = 409
[  159.682403] [LOWLEVEL]: array[410] = 410
[  159.682404] [LOWLEVEL]: array[411] = 411
[  159.682404] [LOWLEVEL]: array[412] = 412
[  159.682405] [LOWLEVEL]: array[413] = 413
[  159.682405] [LOWLEVEL]: array[414] = 414
[  159.682405] [LOWLEVEL]: array[415] = 415
[  159.682406] [LOWLEVEL]: array[416] = 416
[  159.682406] [LOWLEVEL]: array[417] = 417
[  159.682407] [LOWLEVEL]: array[418] = 418
[  159.682407] [LOWLEVEL]: array[419] = 419
[  159.682407] [LOWLEVEL]: array[420] = 420
[  159.682408] [LOWLEVEL]: array[421] = 421
[  159.682408] [LOWLEVEL]: array[422] = 422
[  159.682409] [LOWLEVEL]: array[423] = 423
[  159.682409] [LOWLEVEL]: array[424] = 424
[  159.682409] [LOWLEVEL]: array[425] = 425
[  159.682410] [LOWLEVEL]: array[426] = 426
[  159.682410] [LOWLEVEL]: array[427] = 427
[  159.682410] [LOWLEVEL]: array[428] = 428
[  159.682411] [LOWLEVEL]: array[429] = 429
[  159.682411] [LOWLEVEL]: array[430] = 430
[  159.682412] [LOWLEVEL]: array[431] = 431
[  159.682412] [LOWLEVEL]: array[432] = 432
[  159.682412] [LOWLEVEL]: array[433] = 433
[  159.682413] [LOWLEVEL]: array[434] = 434
[  159.682413] [LOWLEVEL]: array[435] = 435
[  159.682414] [LOWLEVEL]: array[436] = 436
[  159.682414] [LOWLEVEL]: array[437] = 437
[  159.682414] [LOWLEVEL]: array[438] = 438
[  159.682415] [LOWLEVEL]: array[439] = 439
[  159.682415] [LOWLEVEL]: array[440] = 440
[  159.682415] [LOWLEVEL]: array[441] = 441
[  159.682416] [LOWLEVEL]: array[442] = 442
[  159.682416] [LOWLEVEL]: array[443] = 443
[  159.682417] [LOWLEVEL]: array[444] = 444
[  159.682417] [LOWLEVEL]: array[445] = 445
[  159.682417] [LOWLEVEL]: array[446] = 446
[  159.682418] [LOWLEVEL]: array[447] = 447
[  159.682418] [LOWLEVEL]: array[448] = 448
[  159.682419] [LOWLEVEL]: array[449] = 449
[  159.682419] [LOWLEVEL]: array[450] = 450
[  159.682419] [LOWLEVEL]: array[451] = 451
[  159.682420] [LOWLEVEL]: array[452] = 452
[  159.682420] [LOWLEVEL]: array[453] = 453
[  159.682421] [LOWLEVEL]: array[454] = 454
[  159.682421] [LOWLEVEL]: array[455] = 455
[  159.682421] [LOWLEVEL]: array[456] = 456
[  159.682422] [LOWLEVEL]: array[457] = 457
[  159.682422] [LOWLEVEL]: array[458] = 458
[  159.682422] [LOWLEVEL]: array[459] = 459
[  159.682423] [LOWLEVEL]: array[460] = 460
[  159.682423] [LOWLEVEL]: array[461] = 461
[  159.682424] [LOWLEVEL]: array[462] = 462
[  159.682424] [LOWLEVEL]: array[463] = 463
[  159.682424] [LOWLEVEL]: array[464] = 464
[  159.682425] [LOWLEVEL]: array[465] = 465
[  159.682425] [LOWLEVEL]: array[466] = 466
[  159.682426] [LOWLEVEL]: array[467] = 467
[  159.682426] [LOWLEVEL]: array[468] = 468
[  159.682426] [LOWLEVEL]: array[469] = 469
[  159.682427] [LOWLEVEL]: array[470] = 470
[  159.682427] [LOWLEVEL]: array[471] = 471
[  159.682428] [LOWLEVEL]: array[472] = 472
[  159.682428] [LOWLEVEL]: array[473] = 473
[  159.682428] [LOWLEVEL]: array[474] = 474
[  159.682429] [LOWLEVEL]: array[475] = 475
[  159.682429] [LOWLEVEL]: array[476] = 476
[  159.682429] [LOWLEVEL]: array[477] = 477
[  159.682430] [LOWLEVEL]: array[478] = 478
[  159.682430] [LOWLEVEL]: array[479] = 479
[  159.682431] [LOWLEVEL]: array[480] = 480
[  159.682431] [LOWLEVEL]: array[481] = 481
[  159.682431] [LOWLEVEL]: array[482] = 482
[  159.682432] [LOWLEVEL]: array[483] = 483
[  159.682432] [LOWLEVEL]: array[484] = 484
[  159.682433] [LOWLEVEL]: array[485] = 485
[  159.682433] [LOWLEVEL]: array[486] = 486
[  159.682433] [LOWLEVEL]: array[487] = 487
[  159.682434] [LOWLEVEL]: array[488] = 488
[  159.682434] [LOWLEVEL]: array[489] = 489
[  159.682434] [LOWLEVEL]: array[490] = 490
[  159.682435] [LOWLEVEL]: array[491] = 491
[  159.682435] [LOWLEVEL]: array[492] = 492
[  159.682436] [LOWLEVEL]: array[493] = 493
[  159.682436] [LOWLEVEL]: array[494] = 494
[  159.682436] [LOWLEVEL]: array[495] = 495
[  159.682437] [LOWLEVEL]: array[496] = 496
[  159.682437] [LOWLEVEL]: array[497] = 497
[  159.682438] [LOWLEVEL]: array[498] = 498
[  159.682438] [LOWLEVEL]: array[499] = 499
[  159.682438] [LOWLEVEL]: array[500] = 500
[  159.682439] [LOWLEVEL]: array[501] = 501
[  159.682439] [LOWLEVEL]: array[502] = 502
[  159.682440] [LOWLEVEL]: array[503] = 503
[  159.682440] [LOWLEVEL]: array[504] = 504
[  159.682440] [LOWLEVEL]: array[505] = 505
[  159.682441] [LOWLEVEL]: array[506] = 506
[  159.682441] [LOWLEVEL]: array[507] = 507
[  159.682441] [LOWLEVEL]: array[508] = 508
[  159.682442] [LOWLEVEL]: array[509] = 509
[  159.682442] [LOWLEVEL]: array[510] = 510
[  159.682443] [LOWLEVEL]: array[511] = 511
[  159.682443] [LOWLEVEL]: array[512] = 512
[  159.682443] [LOWLEVEL]: array[513] = 513
[  159.682444] [LOWLEVEL]: array[514] = 514
[  159.682444] [LOWLEVEL]: array[515] = 515
[  159.682445] [LOWLEVEL]: array[516] = 516
[  159.682445] [LOWLEVEL]: array[517] = 517
[  159.682445] [LOWLEVEL]: array[518] = 518
[  159.682446] [LOWLEVEL]: array[519] = 519
[  159.682446] [LOWLEVEL]: array[520] = 520
[  159.682447] [LOWLEVEL]: array[521] = 521
[  159.682447] [LOWLEVEL]: array[522] = 522
[  159.682447] [LOWLEVEL]: array[523] = 523
[  159.682448] [LOWLEVEL]: array[524] = 524
[  159.682448] [LOWLEVEL]: array[525] = 525
[  159.682448] [LOWLEVEL]: array[526] = 526
[  159.682449] [LOWLEVEL]: array[527] = 527
[  159.682449] [LOWLEVEL]: array[528] = 528
[  159.682450] [LOWLEVEL]: array[529] = 529
[  159.682450] [LOWLEVEL]: array[530] = 530
[  159.682450] [LOWLEVEL]: array[531] = 531
[  159.682451] [LOWLEVEL]: array[532] = 532
[  159.682451] [LOWLEVEL]: array[533] = 533
[  159.682452] [LOWLEVEL]: array[534] = 534
[  159.682452] [LOWLEVEL]: array[535] = 535
[  159.682452] [LOWLEVEL]: array[536] = 536
[  159.682453] [LOWLEVEL]: array[537] = 537
[  159.682453] [LOWLEVEL]: array[538] = 538
[  159.682453] [LOWLEVEL]: array[539] = 539
[  159.682454] [LOWLEVEL]: array[540] = 540
[  159.682454] [LOWLEVEL]: array[541] = 541
[  159.682455] [LOWLEVEL]: array[542] = 542
[  159.682455] [LOWLEVEL]: array[543] = 543
[  159.682455] [LOWLEVEL]: array[544] = 544
[  159.682456] [LOWLEVEL]: array[545] = 545
[  159.682456] [LOWLEVEL]: array[546] = 546
[  159.682457] [LOWLEVEL]: array[547] = 547
[  159.682457] [LOWLEVEL]: array[548] = 548
[  159.682457] [LOWLEVEL]: array[549] = 549
[  159.682458] [LOWLEVEL]: array[550] = 550
[  159.682458] [LOWLEVEL]: array[551] = 551
[  159.682459] [LOWLEVEL]: array[552] = 552
[  159.682459] [LOWLEVEL]: array[553] = 553
[  159.682459] [LOWLEVEL]: array[554] = 554
[  159.682460] [LOWLEVEL]: array[555] = 555
[  159.682460] [LOWLEVEL]: array[556] = 556
[  159.682460] [LOWLEVEL]: array[557] = 557
[  159.682461] [LOWLEVEL]: array[558] = 558
[  159.682461] [LOWLEVEL]: array[559] = 559
[  159.682462] [LOWLEVEL]: array[560] = 560
[  159.682462] [LOWLEVEL]: array[561] = 561
[  159.682462] [LOWLEVEL]: array[562] = 562
[  159.682463] [LOWLEVEL]: array[563] = 563
[  159.682463] [LOWLEVEL]: array[564] = 564
[  159.682464] [LOWLEVEL]: array[565] = 565
[  159.682464] [LOWLEVEL]: array[566] = 566
[  159.682464] [LOWLEVEL]: array[567] = 567
[  159.682465] [LOWLEVEL]: array[568] = 568
[  159.682465] [LOWLEVEL]: array[569] = 569
[  159.682466] [LOWLEVEL]: array[570] = 570
[  159.682466] [LOWLEVEL]: array[571] = 571
[  159.682466] [LOWLEVEL]: array[572] = 572
[  159.682467] [LOWLEVEL]: array[573] = 573
[  159.682467] [LOWLEVEL]: array[574] = 574
[  159.682467] [LOWLEVEL]: array[575] = 575
[  159.682468] [LOWLEVEL]: array[576] = 576
[  159.682468] [LOWLEVEL]: array[577] = 577
[  159.682469] [LOWLEVEL]: array[578] = 578
[  159.682469] [LOWLEVEL]: array[579] = 579
[  159.682469] [LOWLEVEL]: array[580] = 580
[  159.682470] [LOWLEVEL]: array[581] = 581
[  159.682470] [LOWLEVEL]: array[582] = 582
[  159.682471] [LOWLEVEL]: array[583] = 583
[  159.682471] [LOWLEVEL]: array[584] = 584
[  159.682471] [LOWLEVEL]: array[585] = 585
[  159.682472] [LOWLEVEL]: array[586] = 586
[  159.682472] [LOWLEVEL]: array[587] = 587
[  159.682472] [LOWLEVEL]: array[588] = 588
[  159.682473] [LOWLEVEL]: array[589] = 589
[  159.682473] [LOWLEVEL]: array[590] = 590
[  159.682474] [LOWLEVEL]: array[591] = 591
[  159.682474] [LOWLEVEL]: array[592] = 592
[  159.682474] [LOWLEVEL]: array[593] = 593
[  159.682475] [LOWLEVEL]: array[594] = 594
[  159.682475] [LOWLEVEL]: array[595] = 595
[  159.682476] [LOWLEVEL]: array[596] = 596
[  159.682476] [LOWLEVEL]: array[597] = 597
[  159.682476] [LOWLEVEL]: array[598] = 598
[  159.682477] [LOWLEVEL]: array[599] = 599
[  159.682477] [LOWLEVEL]: array[600] = 600
[  159.682478] [LOWLEVEL]: array[601] = 601
[  159.682478] [LOWLEVEL]: array[602] = 602
[  159.682478] [LOWLEVEL]: array[603] = 603
[  159.682479] [LOWLEVEL]: array[604] = 604
[  159.682479] [LOWLEVEL]: array[605] = 605
[  159.682479] [LOWLEVEL]: array[606] = 606
[  159.682480] [LOWLEVEL]: array[607] = 607
[  159.682480] [LOWLEVEL]: array[608] = 608
[  159.682481] [LOWLEVEL]: array[609] = 609
[  159.682481] [LOWLEVEL]: array[610] = 610
[  159.682481] [LOWLEVEL]: array[611] = 611
[  159.682482] [LOWLEVEL]: array[612] = 612
[  159.682482] [LOWLEVEL]: array[613] = 613
[  159.682483] [LOWLEVEL]: array[614] = 614
[  159.682483] [LOWLEVEL]: array[615] = 615
[  159.682483] [LOWLEVEL]: array[616] = 616
[  159.682484] [LOWLEVEL]: array[617] = 617
[  159.682484] [LOWLEVEL]: array[618] = 618
[  159.682485] [LOWLEVEL]: array[619] = 619
[  159.682485] [LOWLEVEL]: array[620] = 620
[  159.682485] [LOWLEVEL]: array[621] = 621
[  159.682486] [LOWLEVEL]: array[622] = 622
[  159.682486] [LOWLEVEL]: array[623] = 623
[  159.682486] [LOWLEVEL]: array[624] = 624
[  159.682487] [LOWLEVEL]: array[625] = 625
[  159.682487] [LOWLEVEL]: array[626] = 626
[  159.682488] [LOWLEVEL]: array[627] = 627
[  159.682488] [LOWLEVEL]: array[628] = 628
[  159.682488] [LOWLEVEL]: array[629] = 629
[  159.682489] [LOWLEVEL]: array[630] = 630
[  159.682489] [LOWLEVEL]: array[631] = 631
[  159.682490] [LOWLEVEL]: array[632] = 632
[  159.682490] [LOWLEVEL]: array[633] = 633
[  159.682490] [LOWLEVEL]: array[634] = 634
[  159.682491] [LOWLEVEL]: array[635] = 635
[  159.682491] [LOWLEVEL]: array[636] = 636
[  159.682491] [LOWLEVEL]: array[637] = 637
[  159.682492] [LOWLEVEL]: array[638] = 638
[  159.682492] [LOWLEVEL]: array[639] = 639
[  159.682493] [LOWLEVEL]: array[640] = 640
[  159.682493] [LOWLEVEL]: array[641] = 641
[  159.682493] [LOWLEVEL]: array[642] = 642
[  159.682494] [LOWLEVEL]: array[643] = 643
[  159.682494] [LOWLEVEL]: array[644] = 644
[  159.682495] [LOWLEVEL]: array[645] = 645
[  159.682495] [LOWLEVEL]: array[646] = 646
[  159.682495] [LOWLEVEL]: array[647] = 647
[  159.682496] [LOWLEVEL]: array[648] = 648
[  159.682496] [LOWLEVEL]: array[649] = 649
[  159.682497] [LOWLEVEL]: array[650] = 650
[  159.682497] [LOWLEVEL]: array[651] = 651
[  159.682497] [LOWLEVEL]: array[652] = 652
[  159.682498] [LOWLEVEL]: array[653] = 653
[  159.682498] [LOWLEVEL]: array[654] = 654
[  159.682498] [LOWLEVEL]: array[655] = 655
[  159.682499] [LOWLEVEL]: array[656] = 656
[  159.682499] [LOWLEVEL]: array[657] = 657
[  159.682500] [LOWLEVEL]: array[658] = 658
[  159.682500] [LOWLEVEL]: array[659] = 659
[  159.682500] [LOWLEVEL]: array[660] = 660
[  159.682501] [LOWLEVEL]: array[661] = 661
[  159.682501] [LOWLEVEL]: array[662] = 662
[  159.682502] [LOWLEVEL]: array[663] = 663
[  159.682502] [LOWLEVEL]: array[664] = 664
[  159.682502] [LOWLEVEL]: array[665] = 665
[  159.682503] [LOWLEVEL]: array[666] = 666
[  159.682503] [LOWLEVEL]: array[667] = 667
[  159.682504] [LOWLEVEL]: array[668] = 668
[  159.682504] [LOWLEVEL]: array[669] = 669
[  159.682504] [LOWLEVEL]: array[670] = 670
[  159.682505] [LOWLEVEL]: array[671] = 671
[  159.682505] [LOWLEVEL]: array[672] = 672
[  159.682505] [LOWLEVEL]: array[673] = 673
[  159.682506] [LOWLEVEL]: array[674] = 674
[  159.682506] [LOWLEVEL]: array[675] = 675
[  159.682507] [LOWLEVEL]: array[676] = 676
[  159.682507] [LOWLEVEL]: array[677] = 677
[  159.682507] [LOWLEVEL]: array[678] = 678
[  159.682508] [LOWLEVEL]: array[679] = 679
[  159.682508] [LOWLEVEL]: array[680] = 680
[  159.682509] [LOWLEVEL]: array[681] = 681
[  159.682509] [LOWLEVEL]: array[682] = 682
[  159.682509] [LOWLEVEL]: array[683] = 683
[  159.682510] [LOWLEVEL]: array[684] = 684
[  159.682510] [LOWLEVEL]: array[685] = 685
[  159.682511] [LOWLEVEL]: array[686] = 686
[  159.682511] [LOWLEVEL]: array[687] = 687
[  159.682511] [LOWLEVEL]: array[688] = 688
[  159.682512] [LOWLEVEL]: array[689] = 689
[  159.682512] [LOWLEVEL]: array[690] = 690
[  159.682512] [LOWLEVEL]: array[691] = 691
[  159.682513] [LOWLEVEL]: array[692] = 692
[  159.682513] [LOWLEVEL]: array[693] = 693
[  159.682514] [LOWLEVEL]: array[694] = 694
[  159.682514] [LOWLEVEL]: array[695] = 695
[  159.682514] [LOWLEVEL]: array[696] = 696
[  159.682515] [LOWLEVEL]: array[697] = 697
[  159.682515] [LOWLEVEL]: array[698] = 698
[  159.682516] [LOWLEVEL]: array[699] = 699
[  159.682516] [LOWLEVEL]: array[700] = 700
[  159.682516] [LOWLEVEL]: array[701] = 701
[  159.682517] [LOWLEVEL]: array[702] = 702
[  159.682517] [LOWLEVEL]: array[703] = 703
[  159.682517] [LOWLEVEL]: array[704] = 704
[  159.682518] [LOWLEVEL]: array[705] = 705
[  159.682518] [LOWLEVEL]: array[706] = 706
[  159.682519] [LOWLEVEL]: array[707] = 707
[  159.682519] [LOWLEVEL]: array[708] = 708
[  159.682519] [LOWLEVEL]: array[709] = 709
[  159.682520] [LOWLEVEL]: array[710] = 710
[  159.682520] [LOWLEVEL]: array[711] = 711
[  159.682521] [LOWLEVEL]: array[712] = 712
[  159.682521] [LOWLEVEL]: array[713] = 713
[  159.682521] [LOWLEVEL]: array[714] = 714
[  159.682522] [LOWLEVEL]: array[715] = 715
[  159.682522] [LOWLEVEL]: array[716] = 716
[  159.682523] [LOWLEVEL]: array[717] = 717
[  159.682523] [LOWLEVEL]: array[718] = 718
[  159.682523] [LOWLEVEL]: array[719] = 719
[  159.682524] [LOWLEVEL]: array[720] = 720
[  159.682524] [LOWLEVEL]: array[721] = 721
[  159.682524] [LOWLEVEL]: array[722] = 722
[  159.682525] [LOWLEVEL]: array[723] = 723
[  159.682525] [LOWLEVEL]: array[724] = 724
[  159.682526] [LOWLEVEL]: array[725] = 725
[  159.682526] [LOWLEVEL]: array[726] = 726
[  159.682526] [LOWLEVEL]: array[727] = 727
[  159.682527] [LOWLEVEL]: array[728] = 728
[  159.682527] [LOWLEVEL]: array[729] = 729
[  159.682528] [LOWLEVEL]: array[730] = 730
[  159.682528] [LOWLEVEL]: array[731] = 731
[  159.682528] [LOWLEVEL]: array[732] = 732
[  159.682529] [LOWLEVEL]: array[733] = 733
[  159.682529] [LOWLEVEL]: array[734] = 734
[  159.682529] [LOWLEVEL]: array[735] = 735
[  159.682530] [LOWLEVEL]: array[736] = 736
[  159.682530] [LOWLEVEL]: array[737] = 737
[  159.682531] [LOWLEVEL]: array[738] = 738
[  159.682531] [LOWLEVEL]: array[739] = 739
[  159.682531] [LOWLEVEL]: array[740] = 740
[  159.682532] [LOWLEVEL]: array[741] = 741
[  159.682532] [LOWLEVEL]: array[742] = 742
[  159.682533] [LOWLEVEL]: array[743] = 743
[  159.682533] [LOWLEVEL]: array[744] = 744
[  159.682533] [LOWLEVEL]: array[745] = 745
[  159.682534] [LOWLEVEL]: array[746] = 746
[  159.682534] [LOWLEVEL]: array[747] = 747
[  159.682535] [LOWLEVEL]: array[748] = 748
[  159.682535] [LOWLEVEL]: array[749] = 749
[  159.682535] [LOWLEVEL]: array[750] = 750
[  159.682536] [LOWLEVEL]: array[751] = 751
[  159.682536] [LOWLEVEL]: array[752] = 752
[  159.682536] [LOWLEVEL]: array[753] = 753
[  159.682537] [LOWLEVEL]: array[754] = 754
[  159.682537] [LOWLEVEL]: array[755] = 755
[  159.682538] [LOWLEVEL]: array[756] = 756
[  159.682538] [LOWLEVEL]: array[757] = 757
[  159.682538] [LOWLEVEL]: array[758] = 758
[  159.682539] [LOWLEVEL]: array[759] = 759
[  159.682539] [LOWLEVEL]: array[760] = 760
[  159.682540] [LOWLEVEL]: array[761] = 761
[  159.682540] [LOWLEVEL]: array[762] = 762
[  159.682540] [LOWLEVEL]: array[763] = 763
[  159.682541] [LOWLEVEL]: array[764] = 764
[  159.682541] [LOWLEVEL]: array[765] = 765
[  159.682542] [LOWLEVEL]: array[766] = 766
[  159.682542] [LOWLEVEL]: array[767] = 767
[  159.682542] [LOWLEVEL]: array[768] = 768
[  159.682543] [LOWLEVEL]: array[769] = 769
[  159.682543] [LOWLEVEL]: array[770] = 770
[  159.682543] [LOWLEVEL]: array[771] = 771
[  159.682544] [LOWLEVEL]: array[772] = 772
[  159.682544] [LOWLEVEL]: array[773] = 773
[  159.682545] [LOWLEVEL]: array[774] = 774
[  159.682545] [LOWLEVEL]: array[775] = 775
[  159.682545] [LOWLEVEL]: array[776] = 776
[  159.682546] [LOWLEVEL]: array[777] = 777
[  159.682546] [LOWLEVEL]: array[778] = 778
[  159.682547] [LOWLEVEL]: array[779] = 779
[  159.682547] [LOWLEVEL]: array[780] = 780
[  159.682547] [LOWLEVEL]: array[781] = 781
[  159.682548] [LOWLEVEL]: array[782] = 782
[  159.682548] [LOWLEVEL]: array[783] = 783
[  159.682548] [LOWLEVEL]: array[784] = 784
[  159.682549] [LOWLEVEL]: array[785] = 785
[  159.682549] [LOWLEVEL]: array[786] = 786
[  159.682550] [LOWLEVEL]: array[787] = 787
[  159.682550] [LOWLEVEL]: array[788] = 788
[  159.682550] [LOWLEVEL]: array[789] = 789
[  159.682551] [LOWLEVEL]: array[790] = 790
[  159.682551] [LOWLEVEL]: array[791] = 791
[  159.682552] [LOWLEVEL]: array[792] = 792
[  159.682552] [LOWLEVEL]: array[793] = 793
[  159.682552] [LOWLEVEL]: array[794] = 794
[  159.682553] [LOWLEVEL]: array[795] = 795
[  159.682553] [LOWLEVEL]: array[796] = 796
[  159.682554] [LOWLEVEL]: array[797] = 797
[  159.682554] [LOWLEVEL]: array[798] = 798
[  159.682554] [LOWLEVEL]: array[799] = 799
[  159.682555] [LOWLEVEL]: array[800] = 800
[  159.682555] [LOWLEVEL]: array[801] = 801
[  159.682555] [LOWLEVEL]: array[802] = 802
[  159.682556] [LOWLEVEL]: array[803] = 803
[  159.682556] [LOWLEVEL]: array[804] = 804
[  159.682557] [LOWLEVEL]: array[805] = 805
[  159.682557] [LOWLEVEL]: array[806] = 806
[  159.682557] [LOWLEVEL]: array[807] = 807
[  159.682558] [LOWLEVEL]: array[808] = 808
[  159.682558] [LOWLEVEL]: array[809] = 809
[  159.682559] [LOWLEVEL]: array[810] = 810
[  159.682559] [LOWLEVEL]: array[811] = 811
[  159.682559] [LOWLEVEL]: array[812] = 812
[  159.682560] [LOWLEVEL]: array[813] = 813
[  159.682560] [LOWLEVEL]: array[814] = 814
[  159.682560] [LOWLEVEL]: array[815] = 815
[  159.682561] [LOWLEVEL]: array[816] = 816
[  159.682561] [LOWLEVEL]: array[817] = 817
[  159.682562] [LOWLEVEL]: array[818] = 818
[  159.682562] [LOWLEVEL]: array[819] = 819
[  159.682562] [LOWLEVEL]: array[820] = 820
[  159.682563] [LOWLEVEL]: array[821] = 821
[  159.682563] [LOWLEVEL]: array[822] = 822
[  159.682564] [LOWLEVEL]: array[823] = 823
[  159.682564] [LOWLEVEL]: array[824] = 824
[  159.682564] [LOWLEVEL]: array[825] = 825
[  159.682565] [LOWLEVEL]: array[826] = 826
[  159.682565] [LOWLEVEL]: array[827] = 827
[  159.682565] [LOWLEVEL]: array[828] = 828
[  159.682566] [LOWLEVEL]: array[829] = 829
[  159.682566] [LOWLEVEL]: array[830] = 830
[  159.682567] [LOWLEVEL]: array[831] = 831
[  159.682567] [LOWLEVEL]: array[832] = 832
[  159.682567] [LOWLEVEL]: array[833] = 833
[  159.682568] [LOWLEVEL]: array[834] = 834
[  159.682568] [LOWLEVEL]: array[835] = 835
[  159.682569] [LOWLEVEL]: array[836] = 836
[  159.682569] [LOWLEVEL]: array[837] = 837
[  159.682569] [LOWLEVEL]: array[838] = 838
[  159.682570] [LOWLEVEL]: array[839] = 839
[  159.682570] [LOWLEVEL]: array[840] = 840
[  159.682571] [LOWLEVEL]: array[841] = 841
[  159.682571] [LOWLEVEL]: array[842] = 842
[  159.682571] [LOWLEVEL]: array[843] = 843
[  159.682572] [LOWLEVEL]: array[844] = 844
[  159.682572] [LOWLEVEL]: array[845] = 845
[  159.682572] [LOWLEVEL]: array[846] = 846
[  159.682573] [LOWLEVEL]: array[847] = 847
[  159.682573] [LOWLEVEL]: array[848] = 848
[  159.682574] [LOWLEVEL]: array[849] = 849
[  159.682574] [LOWLEVEL]: array[850] = 850
[  159.682574] [LOWLEVEL]: array[851] = 851
[  159.682575] [LOWLEVEL]: array[852] = 852
[  159.682575] [LOWLEVEL]: array[853] = 853
[  159.682576] [LOWLEVEL]: array[854] = 854
[  159.682576] [LOWLEVEL]: array[855] = 855
[  159.682576] [LOWLEVEL]: array[856] = 856
[  159.682577] [LOWLEVEL]: array[857] = 857
[  159.682577] [LOWLEVEL]: array[858] = 858
[  159.682577] [LOWLEVEL]: array[859] = 859
[  159.682578] [LOWLEVEL]: array[860] = 860
[  159.682578] [LOWLEVEL]: array[861] = 861
[  159.682579] [LOWLEVEL]: array[862] = 862
[  159.682579] [LOWLEVEL]: array[863] = 863
[  159.682579] [LOWLEVEL]: array[864] = 864
[  159.682580] [LOWLEVEL]: array[865] = 865
[  159.682580] [LOWLEVEL]: array[866] = 866
[  159.682581] [LOWLEVEL]: array[867] = 867
[  159.682581] [LOWLEVEL]: array[868] = 868
[  159.682581] [LOWLEVEL]: array[869] = 869
[  159.682582] [LOWLEVEL]: array[870] = 870
[  159.682582] [LOWLEVEL]: array[871] = 871
[  159.682582] [LOWLEVEL]: array[872] = 872
[  159.682583] [LOWLEVEL]: array[873] = 873
[  159.682583] [LOWLEVEL]: array[874] = 874
[  159.682584] [LOWLEVEL]: array[875] = 875
[  159.682584] [LOWLEVEL]: array[876] = 876
[  159.682584] [LOWLEVEL]: array[877] = 877
[  159.682585] [LOWLEVEL]: array[878] = 878
[  159.682585] [LOWLEVEL]: array[879] = 879
[  159.682586] [LOWLEVEL]: array[880] = 880
[  159.682586] [LOWLEVEL]: array[881] = 881
[  159.682586] [LOWLEVEL]: array[882] = 882
[  159.682587] [LOWLEVEL]: array[883] = 883
[  159.682587] [LOWLEVEL]: array[884] = 884
[  159.682588] [LOWLEVEL]: array[885] = 885
[  159.682588] [LOWLEVEL]: array[886] = 886
[  159.682588] [LOWLEVEL]: array[887] = 887
[  159.682589] [LOWLEVEL]: array[888] = 888
[  159.682589] [LOWLEVEL]: array[889] = 889
[  159.682589] [LOWLEVEL]: array[890] = 890
[  159.682590] [LOWLEVEL]: array[891] = 891
[  159.682590] [LOWLEVEL]: array[892] = 892
[  159.682591] [LOWLEVEL]: array[893] = 893
[  159.682591] [LOWLEVEL]: array[894] = 894
[  159.682591] [LOWLEVEL]: array[895] = 895
[  159.682592] [LOWLEVEL]: array[896] = 896
[  159.682592] [LOWLEVEL]: array[897] = 897
[  159.682593] [LOWLEVEL]: array[898] = 898
[  159.682593] [LOWLEVEL]: array[899] = 899
[  159.682593] [LOWLEVEL]: array[900] = 900
[  159.682594] [LOWLEVEL]: array[901] = 901
[  159.682594] [LOWLEVEL]: array[902] = 902
[  159.682594] [LOWLEVEL]: array[903] = 903
[  159.682595] [LOWLEVEL]: array[904] = 904
[  159.682595] [LOWLEVEL]: array[905] = 905
[  159.682596] [LOWLEVEL]: array[906] = 906
[  159.682596] [LOWLEVEL]: array[907] = 907
[  159.682596] [LOWLEVEL]: array[908] = 908
[  159.682597] [LOWLEVEL]: array[909] = 909
[  159.682597] [LOWLEVEL]: array[910] = 910
[  159.682598] [LOWLEVEL]: array[911] = 911
[  159.682598] [LOWLEVEL]: array[912] = 912
[  159.682598] [LOWLEVEL]: array[913] = 913
[  159.682599] [LOWLEVEL]: array[914] = 914
[  159.682599] [LOWLEVEL]: array[915] = 915
[  159.682599] [LOWLEVEL]: array[916] = 916
[  159.682600] [LOWLEVEL]: array[917] = 917
[  159.682600] [LOWLEVEL]: array[918] = 918
[  159.682601] [LOWLEVEL]: array[919] = 919
[  159.682601] [LOWLEVEL]: array[920] = 920
[  159.682601] [LOWLEVEL]: array[921] = 921
[  159.682602] [LOWLEVEL]: array[922] = 922
[  159.682602] [LOWLEVEL]: array[923] = 923
[  159.682603] [LOWLEVEL]: array[924] = 924
[  159.682603] [LOWLEVEL]: array[925] = 925
[  159.682603] [LOWLEVEL]: array[926] = 926
[  159.682604] [LOWLEVEL]: array[927] = 927
[  159.682604] [LOWLEVEL]: array[928] = 928
[  159.682605] [LOWLEVEL]: array[929] = 929
[  159.682605] [LOWLEVEL]: array[930] = 930
[  159.682605] [LOWLEVEL]: array[931] = 931
[  159.682606] [LOWLEVEL]: array[932] = 932
[  159.682606] [LOWLEVEL]: array[933] = 933
[  159.682606] [LOWLEVEL]: array[934] = 934
[  159.682607] [LOWLEVEL]: array[935] = 935
[  159.682607] [LOWLEVEL]: array[936] = 936
[  159.682608] [LOWLEVEL]: array[937] = 937
[  159.682608] [LOWLEVEL]: array[938] = 938
[  159.682608] [LOWLEVEL]: array[939] = 939
[  159.682609] [LOWLEVEL]: array[940] = 940
[  159.682609] [LOWLEVEL]: array[941] = 941
[  159.682610] [LOWLEVEL]: array[942] = 942
[  159.682610] [LOWLEVEL]: array[943] = 943
[  159.682610] [LOWLEVEL]: array[944] = 944
[  159.682611] [LOWLEVEL]: array[945] = 945
[  159.682611] [LOWLEVEL]: array[946] = 946
[  159.682611] [LOWLEVEL]: array[947] = 947
[  159.682612] [LOWLEVEL]: array[948] = 948
[  159.682612] [LOWLEVEL]: array[949] = 949
[  159.682613] [LOWLEVEL]: array[950] = 950
[  159.682613] [LOWLEVEL]: array[951] = 951
[  159.682613] [LOWLEVEL]: array[952] = 952
[  159.682614] [LOWLEVEL]: array[953] = 953
[  159.682614] [LOWLEVEL]: array[954] = 954
[  159.682615] [LOWLEVEL]: array[955] = 955
[  159.682615] [LOWLEVEL]: array[956] = 956
[  159.682615] [LOWLEVEL]: array[957] = 957
[  159.682616] [LOWLEVEL]: array[958] = 958
[  159.682616] [LOWLEVEL]: array[959] = 959
[  159.682617] [LOWLEVEL]: array[960] = 960
[  159.682617] [LOWLEVEL]: array[961] = 961
[  159.682617] [LOWLEVEL]: array[962] = 962
[  159.682618] [LOWLEVEL]: array[963] = 963
[  159.682618] [LOWLEVEL]: array[964] = 964
[  159.682618] [LOWLEVEL]: array[965] = 965
[  159.682619] [LOWLEVEL]: array[966] = 966
[  159.682619] [LOWLEVEL]: array[967] = 967
[  159.682620] [LOWLEVEL]: array[968] = 968
[  159.682620] [LOWLEVEL]: array[969] = 969
[  159.682620] [LOWLEVEL]: array[970] = 970
[  159.682621] [LOWLEVEL]: array[971] = 971
[  159.682621] [LOWLEVEL]: array[972] = 972
[  159.682622] [LOWLEVEL]: array[973] = 973
[  159.682622] [LOWLEVEL]: array[974] = 974
[  159.682622] [LOWLEVEL]: array[975] = 975
[  159.682623] [LOWLEVEL]: array[976] = 976
[  159.682623] [LOWLEVEL]: array[977] = 977
[  159.682624] [LOWLEVEL]: array[978] = 978
[  159.682624] [LOWLEVEL]: array[979] = 979
[  159.682624] [LOWLEVEL]: array[980] = 980
[  159.682625] [LOWLEVEL]: array[981] = 981
[  159.682625] [LOWLEVEL]: array[982] = 982
[  159.682625] [LOWLEVEL]: array[983] = 983
[  159.682626] [LOWLEVEL]: array[984] = 984
[  159.682626] [LOWLEVEL]: array[985] = 985
[  159.682627] [LOWLEVEL]: array[986] = 986
[  159.682627] [LOWLEVEL]: array[987] = 987
[  159.682627] [LOWLEVEL]: array[988] = 988
[  159.682628] [LOWLEVEL]: array[989] = 989
[  159.682628] [LOWLEVEL]: array[990] = 990
[  159.682629] [LOWLEVEL]: array[991] = 991
[  159.682629] [LOWLEVEL]: array[992] = 992
[  159.682629] [LOWLEVEL]: array[993] = 993
[  159.682630] [LOWLEVEL]: array[994] = 994
[  159.682630] [LOWLEVEL]: array[995] = 995
[  159.682631] [LOWLEVEL]: array[996] = 996
[  159.682631] [LOWLEVEL]: array[997] = 997
[  159.682631] [LOWLEVEL]: array[998] = 998
[  159.682632] [LOWLEVEL]: array[999] = 999
[  159.682632] [LOWLEVEL]: array[1000] = 1000
[  159.682633] [LOWLEVEL]: array[1001] = 1001
[  159.682633] [LOWLEVEL]: array[1002] = 1002
[  159.682633] [LOWLEVEL]: array[1003] = 1003
[  159.682634] [LOWLEVEL]: array[1004] = 1004
[  159.682634] [LOWLEVEL]: array[1005] = 1005
[  159.682634] [LOWLEVEL]: array[1006] = 1006
[  159.682635] [LOWLEVEL]: array[1007] = 1007
[  159.682635] [LOWLEVEL]: array[1008] = 1008
[  159.682636] [LOWLEVEL]: array[1009] = 1009
[  159.682636] [LOWLEVEL]: array[1010] = 1010
[  159.682636] [LOWLEVEL]: array[1011] = 1011
[  159.682637] [LOWLEVEL]: array[1012] = 1012
[  159.682637] [LOWLEVEL]: array[1013] = 1013
[  159.682638] [LOWLEVEL]: array[1014] = 1014
[  159.682638] [LOWLEVEL]: array[1015] = 1015
[  159.682638] [LOWLEVEL]: array[1016] = 1016
[  159.682639] [LOWLEVEL]: array[1017] = 1017
[  159.682639] [LOWLEVEL]: array[1018] = 1018
[  159.682640] [LOWLEVEL]: array[1019] = 1019
[  159.682640] [LOWLEVEL]: array[1020] = 1020
[  159.682640] [LOWLEVEL]: array[1021] = 1021
[  159.682641] [LOWLEVEL]: array[1022] = 1022
[  159.682641] [LOWLEVEL]: array[1023] = 1023
[  167.453462] [LOWLEVEL]: Exiting module.
[  201.690689] [KMALLOC_TEST]: Entering module.
[  201.690776] ------------[ cut here ]------------
[  201.690802] WARNING: CPU: 0 PID: 2916 at /build/linux-hwe-lyR8gz/linux-hwe-4.10.0/mm/page_alloc.c:3542 __alloc_pages_slowpath+0xa67/0xb30
[  201.690803] Modules linked in: lec04_p33(OE+) dm_crypt intel_powerclamp crct10dif_pclmul crc32_pclmul ghash_clmulni_intel pcbc snd_intel8x0 snd_ac97_codec ac97_bus snd_pcm aesni_intel aes_x86_64 crypto_simd glue_helper cryptd snd_seq_midi snd_seq_midi_event intel_rapl_perf snd_rawmidi input_leds serio_raw joydev snd_seq snd_seq_device snd_timer snd soundcore vboxvideo ttm drm_kms_helper i2c_piix4 mac_hid drm fb_sys_fops syscopyarea sysfillrect sysimgblt vboxguest parport_pc ppdev lp parport autofs4 hid_generic usbhid hid psmouse ahci libahci fjes video e1000 pata_acpi [last unloaded: lec04_p20]
[  201.690848] CPU: 0 PID: 2916 Comm: insmod Tainted: P           OE   4.10.0-38-generic #42~16.04.1-Ubuntu
[  201.690849] Hardware name: innotek GmbH VirtualBox/VirtualBox, BIOS VirtualBox 12/01/2006
[  201.690850] Call Trace:
[  201.690863]  dump_stack+0x63/0x90
[  201.690866]  __warn+0xcb/0xf0
[  201.690867]  warn_slowpath_null+0x1d/0x20
[  201.690870]  __alloc_pages_slowpath+0xa67/0xb30
[  201.690872]  __alloc_pages_nodemask+0x21a/0x2a0
[  201.690876]  alloc_pages_current+0x95/0x140
[  201.690879]  kmalloc_order+0x18/0x40
[  201.690880]  kmalloc_order_trace+0x24/0xa0
[  201.690882]  __kmalloc+0x1ed/0x200
[  201.690884]  ? __free_pages+0x19/0x30
[  201.690887]  ? 0xffffffffc00dd000
[  201.690890]  my_mod_init+0x23/0x1000 [lec04_p33]
[  201.690893]  do_one_initcall+0x53/0x1c0
[  201.690895]  ? kmem_cache_alloc_trace+0x152/0x1c0
[  201.690898]  do_init_module+0x5f/0x1ff
[  201.690901]  load_module+0x1825/0x1bf0
[  201.690903]  ? __symbol_put+0x60/0x60
[  201.690907]  ? ima_post_read_file+0x7d/0xa0
[  201.690910]  ? security_kernel_post_read_file+0x6b/0x80
[  201.690912]  SYSC_finit_module+0xdf/0x110
[  201.690914]  SyS_finit_module+0xe/0x10
[  201.690925]  entry_SYSCALL_64_fastpath+0x1e/0xad
[  201.690927] RIP: 0033:0x7f3007c66499
[  201.690928] RSP: 002b:00007ffe058e3ac8 EFLAGS: 00000202 ORIG_RAX: 0000000000000139
[  201.690929] RAX: ffffffffffffffda RBX: 00007f3007f29b20 RCX: 00007f3007c66499
[  201.690930] RDX: 0000000000000000 RSI: 0000559b0861126b RDI: 0000000000000003
[  201.690931] RBP: 0000000000001011 R08: 0000000000000000 R09: 00007f3007f2bea0
[  201.690932] R10: 0000000000000003 R11: 0000000000000202 R12: 00007f3007f29b78
[  201.690933] R13: 00007f3007f29b78 R14: 000000000000270f R15: 00007f3007f2a1a8
[  201.690935] ---[ end trace 9822d4ca90230196 ]---
[  201.690936] [KMALLOC_TEST]: could not allocate 8388608 bytes
[  204.520626] Exiting module.
[  209.572957] [SLAB_TEST]: Entering module.
[  209.572966] [SLAB_TEST]: ptr1 = {42, 42}; ptr2 = {43, 43}
[  214.354537] [SLAB_TEST]: 
[  221.632543] [HIGHMEM]: Entering module.
[  221.632546] [HIGHMEM]: array[0] = 0
[  221.632547] [HIGHMEM]: array[1] = 1
[  221.632547] [HIGHMEM]: array[2] = 2
[  221.632548] [HIGHMEM]: array[3] = 3
[  221.632548] [HIGHMEM]: array[4] = 4
[  221.632549] [HIGHMEM]: array[5] = 5
[  221.632549] [HIGHMEM]: array[6] = 6
[  221.632550] [HIGHMEM]: array[7] = 7
[  221.632550] [HIGHMEM]: array[8] = 8
[  221.632551] [HIGHMEM]: array[9] = 9
[  221.632551] [HIGHMEM]: array[10] = 10
[  221.632552] [HIGHMEM]: array[11] = 11
[  221.632552] [HIGHMEM]: array[12] = 12
[  221.632553] [HIGHMEM]: array[13] = 13
[  221.632553] [HIGHMEM]: array[14] = 14
[  221.632554] [HIGHMEM]: array[15] = 15
[  221.632554] [HIGHMEM]: array[16] = 16
[  221.632555] [HIGHMEM]: array[17] = 17
[  221.632555] [HIGHMEM]: array[18] = 18
[  221.632556] [HIGHMEM]: array[19] = 19
[  221.632556] [HIGHMEM]: array[20] = 20
[  221.632557] [HIGHMEM]: array[21] = 21
[  221.632557] [HIGHMEM]: array[22] = 22
[  221.632558] [HIGHMEM]: array[23] = 23
[  221.632558] [HIGHMEM]: array[24] = 24
[  221.632559] [HIGHMEM]: array[25] = 25
[  221.632559] [HIGHMEM]: array[26] = 26
[  221.632560] [HIGHMEM]: array[27] = 27
[  221.632560] [HIGHMEM]: array[28] = 28
[  221.632561] [HIGHMEM]: array[29] = 29
[  221.632561] [HIGHMEM]: array[30] = 30
[  221.632562] [HIGHMEM]: array[31] = 31
[  221.632562] [HIGHMEM]: array[32] = 32
[  221.632563] [HIGHMEM]: array[33] = 33
[  221.632563] [HIGHMEM]: array[34] = 34
[  221.632564] [HIGHMEM]: array[35] = 35
[  221.632564] [HIGHMEM]: array[36] = 36
[  221.632565] [HIGHMEM]: array[37] = 37
[  221.632565] [HIGHMEM]: array[38] = 38
[  221.632566] [HIGHMEM]: array[39] = 39
[  221.632567] [HIGHMEM]: array[40] = 40
[  221.632567] [HIGHMEM]: array[41] = 41
[  221.632568] [HIGHMEM]: array[42] = 42
[  221.632568] [HIGHMEM]: array[43] = 43
[  221.632569] [HIGHMEM]: array[44] = 44
[  221.632569] [HIGHMEM]: array[45] = 45
[  221.632570] [HIGHMEM]: array[46] = 46
[  221.632570] [HIGHMEM]: array[47] = 47
[  221.632571] [HIGHMEM]: array[48] = 48
[  221.632571] [HIGHMEM]: array[49] = 49
[  221.632572] [HIGHMEM]: array[50] = 50
[  221.632572] [HIGHMEM]: array[51] = 51
[  221.632573] [HIGHMEM]: array[52] = 52
[  221.632573] [HIGHMEM]: array[53] = 53
[  221.632574] [HIGHMEM]: array[54] = 54
[  221.632574] [HIGHMEM]: array[55] = 55
[  221.632575] [HIGHMEM]: array[56] = 56
[  221.632575] [HIGHMEM]: array[57] = 57
[  221.632576] [HIGHMEM]: array[58] = 58
[  221.632576] [HIGHMEM]: array[59] = 59
[  221.632577] [HIGHMEM]: array[60] = 60
[  221.632577] [HIGHMEM]: array[61] = 61
[  221.632578] [HIGHMEM]: array[62] = 62
[  221.632578] [HIGHMEM]: array[63] = 63
[  221.632579] [HIGHMEM]: array[64] = 64
[  221.632580] [HIGHMEM]: array[65] = 65
[  221.632580] [HIGHMEM]: array[66] = 66
[  221.632581] [HIGHMEM]: array[67] = 67
[  221.632581] [HIGHMEM]: array[68] = 68
[  221.632582] [HIGHMEM]: array[69] = 69
[  221.632582] [HIGHMEM]: array[70] = 70
[  221.632583] [HIGHMEM]: array[71] = 71
[  221.632583] [HIGHMEM]: array[72] = 72
[  221.632584] [HIGHMEM]: array[73] = 73
[  221.632584] [HIGHMEM]: array[74] = 74
[  221.632585] [HIGHMEM]: array[75] = 75
[  221.632585] [HIGHMEM]: array[76] = 76
[  221.632586] [HIGHMEM]: array[77] = 77
[  221.632587] [HIGHMEM]: array[78] = 78
[  221.632587] [HIGHMEM]: array[79] = 79
[  221.632588] [HIGHMEM]: array[80] = 80
[  221.632588] [HIGHMEM]: array[81] = 81
[  221.632589] [HIGHMEM]: array[82] = 82
[  221.632589] [HIGHMEM]: array[83] = 83
[  221.632590] [HIGHMEM]: array[84] = 84
[  221.632590] [HIGHMEM]: array[85] = 85
[  221.632591] [HIGHMEM]: array[86] = 86
[  221.632591] [HIGHMEM]: array[87] = 87
[  221.632592] [HIGHMEM]: array[88] = 88
[  221.632592] [HIGHMEM]: array[89] = 89
[  221.632593] [HIGHMEM]: array[90] = 90
[  221.632593] [HIGHMEM]: array[91] = 91
[  221.632594] [HIGHMEM]: array[92] = 92
[  221.632594] [HIGHMEM]: array[93] = 93
[  221.632595] [HIGHMEM]: array[94] = 94
[  221.632595] [HIGHMEM]: array[95] = 95
[  221.632596] [HIGHMEM]: array[96] = 96
[  221.632596] [HIGHMEM]: array[97] = 97
[  221.632597] [HIGHMEM]: array[98] = 98
[  221.632598] [HIGHMEM]: array[99] = 99
[  221.632598] [HIGHMEM]: array[100] = 100
[  221.632599] [HIGHMEM]: array[101] = 101
[  221.632599] [HIGHMEM]: array[102] = 102
[  221.632600] [HIGHMEM]: array[103] = 103
[  221.632600] [HIGHMEM]: array[104] = 104
[  221.632601] [HIGHMEM]: array[105] = 105
[  221.632601] [HIGHMEM]: array[106] = 106
[  221.632602] [HIGHMEM]: array[107] = 107
[  221.632602] [HIGHMEM]: array[108] = 108
[  221.632603] [HIGHMEM]: array[109] = 109
[  221.632604] [HIGHMEM]: array[110] = 110
[  221.632604] [HIGHMEM]: array[111] = 111
[  221.632605] [HIGHMEM]: array[112] = 112
[  221.632605] [HIGHMEM]: array[113] = 113
[  221.632606] [HIGHMEM]: array[114] = 114
[  221.632606] [HIGHMEM]: array[115] = 115
[  221.632607] [HIGHMEM]: array[116] = 116
[  221.632607] [HIGHMEM]: array[117] = 117
[  221.632608] [HIGHMEM]: array[118] = 118
[  221.632608] [HIGHMEM]: array[119] = 119
[  221.632609] [HIGHMEM]: array[120] = 120
[  221.632610] [HIGHMEM]: array[121] = 121
[  221.632610] [HIGHMEM]: array[122] = 122
[  221.632611] [HIGHMEM]: array[123] = 123
[  221.632611] [HIGHMEM]: array[124] = 124
[  221.632612] [HIGHMEM]: array[125] = 125
[  221.632612] [HIGHMEM]: array[126] = 126
[  221.632613] [HIGHMEM]: array[127] = 127
[  221.632613] [HIGHMEM]: array[128] = 128
[  221.632614] [HIGHMEM]: array[129] = 129
[  221.632615] [HIGHMEM]: array[130] = 130
[  221.632615] [HIGHMEM]: array[131] = 131
[  221.632616] [HIGHMEM]: array[132] = 132
[  221.632617] [HIGHMEM]: array[133] = 133
[  221.632617] [HIGHMEM]: array[134] = 134
[  221.632618] [HIGHMEM]: array[135] = 135
[  221.632619] [HIGHMEM]: array[136] = 136
[  221.632619] [HIGHMEM]: array[137] = 137
[  221.632620] [HIGHMEM]: array[138] = 138
[  221.632621] [HIGHMEM]: array[139] = 139
[  221.632621] [HIGHMEM]: array[140] = 140
[  221.632622] [HIGHMEM]: array[141] = 141
[  221.632622] [HIGHMEM]: array[142] = 142
[  221.632623] [HIGHMEM]: array[143] = 143
[  221.632623] [HIGHMEM]: array[144] = 144
[  221.632624] [HIGHMEM]: array[145] = 145
[  221.632624] [HIGHMEM]: array[146] = 146
[  221.632625] [HIGHMEM]: array[147] = 147
[  221.632626] [HIGHMEM]: array[148] = 148
[  221.632626] [HIGHMEM]: array[149] = 149
[  221.632627] [HIGHMEM]: array[150] = 150
[  221.632628] [HIGHMEM]: array[151] = 151
[  221.632628] [HIGHMEM]: array[152] = 152
[  221.632629] [HIGHMEM]: array[153] = 153
[  221.632630] [HIGHMEM]: array[154] = 154
[  221.632630] [HIGHMEM]: array[155] = 155
[  221.632631] [HIGHMEM]: array[156] = 156
[  221.632631] [HIGHMEM]: array[157] = 157
[  221.632632] [HIGHMEM]: array[158] = 158
[  221.632633] [HIGHMEM]: array[159] = 159
[  221.632633] [HIGHMEM]: array[160] = 160
[  221.632634] [HIGHMEM]: array[161] = 161
[  221.632635] [HIGHMEM]: array[162] = 162
[  221.632636] [HIGHMEM]: array[163] = 163
[  221.632636] [HIGHMEM]: array[164] = 164
[  221.632637] [HIGHMEM]: array[165] = 165
[  221.632638] [HIGHMEM]: array[166] = 166
[  221.632638] [HIGHMEM]: array[167] = 167
[  221.632639] [HIGHMEM]: array[168] = 168
[  221.632639] [HIGHMEM]: array[169] = 169
[  221.632640] [HIGHMEM]: array[170] = 170
[  221.632641] [HIGHMEM]: array[171] = 171
[  221.632641] [HIGHMEM]: array[172] = 172
[  221.632642] [HIGHMEM]: array[173] = 173
[  221.632643] [HIGHMEM]: array[174] = 174
[  221.632643] [HIGHMEM]: array[175] = 175
[  221.632644] [HIGHMEM]: array[176] = 176
[  221.632645] [HIGHMEM]: array[177] = 177
[  221.632645] [HIGHMEM]: array[178] = 178
[  221.632646] [HIGHMEM]: array[179] = 179
[  221.632647] [HIGHMEM]: array[180] = 180
[  221.632647] [HIGHMEM]: array[181] = 181
[  221.632648] [HIGHMEM]: array[182] = 182
[  221.632648] [HIGHMEM]: array[183] = 183
[  221.632649] [HIGHMEM]: array[184] = 184
[  221.632649] [HIGHMEM]: array[185] = 185
[  221.632650] [HIGHMEM]: array[186] = 186
[  221.632650] [HIGHMEM]: array[187] = 187
[  221.632651] [HIGHMEM]: array[188] = 188
[  221.632651] [HIGHMEM]: array[189] = 189
[  221.632652] [HIGHMEM]: array[190] = 190
[  221.632652] [HIGHMEM]: array[191] = 191
[  221.632653] [HIGHMEM]: array[192] = 192
[  221.632653] [HIGHMEM]: array[193] = 193
[  221.632654] [HIGHMEM]: array[194] = 194
[  221.632654] [HIGHMEM]: array[195] = 195
[  221.632655] [HIGHMEM]: array[196] = 196
[  221.632655] [HIGHMEM]: array[197] = 197
[  221.632656] [HIGHMEM]: array[198] = 198
[  221.632656] [HIGHMEM]: array[199] = 199
[  221.632657] [HIGHMEM]: array[200] = 200
[  221.632658] [HIGHMEM]: array[201] = 201
[  221.632658] [HIGHMEM]: array[202] = 202
[  221.632659] [HIGHMEM]: array[203] = 203
[  221.632659] [HIGHMEM]: array[204] = 204
[  221.632660] [HIGHMEM]: array[205] = 205
[  221.632661] [HIGHMEM]: array[206] = 206
[  221.632661] [HIGHMEM]: array[207] = 207
[  221.632662] [HIGHMEM]: array[208] = 208
[  221.632662] [HIGHMEM]: array[209] = 209
[  221.632663] [HIGHMEM]: array[210] = 210
[  221.632663] [HIGHMEM]: array[211] = 211
[  221.632664] [HIGHMEM]: array[212] = 212
[  221.632665] [HIGHMEM]: array[213] = 213
[  221.632665] [HIGHMEM]: array[214] = 214
[  221.632666] [HIGHMEM]: array[215] = 215
[  221.632667] [HIGHMEM]: array[216] = 216
[  221.632667] [HIGHMEM]: array[217] = 217
[  221.632668] [HIGHMEM]: array[218] = 218
[  221.632668] [HIGHMEM]: array[219] = 219
[  221.632669] [HIGHMEM]: array[220] = 220
[  221.632670] [HIGHMEM]: array[221] = 221
[  221.632670] [HIGHMEM]: array[222] = 222
[  221.632671] [HIGHMEM]: array[223] = 223
[  221.632672] [HIGHMEM]: array[224] = 224
[  221.632672] [HIGHMEM]: array[225] = 225
[  221.632673] [HIGHMEM]: array[226] = 226
[  221.632674] [HIGHMEM]: array[227] = 227
[  221.632674] [HIGHMEM]: array[228] = 228
[  221.632675] [HIGHMEM]: array[229] = 229
[  221.632676] [HIGHMEM]: array[230] = 230
[  221.632676] [HIGHMEM]: array[231] = 231
[  221.632677] [HIGHMEM]: array[232] = 232
[  221.632678] [HIGHMEM]: array[233] = 233
[  221.632678] [HIGHMEM]: array[234] = 234
[  221.632679] [HIGHMEM]: array[235] = 235
[  221.632680] [HIGHMEM]: array[236] = 236
[  221.632680] [HIGHMEM]: array[237] = 237
[  221.632681] [HIGHMEM]: array[238] = 238
[  221.632682] [HIGHMEM]: array[239] = 239
[  221.632682] [HIGHMEM]: array[240] = 240
[  221.632683] [HIGHMEM]: array[241] = 241
[  221.632684] [HIGHMEM]: array[242] = 242
[  221.632685] [HIGHMEM]: array[243] = 243
[  221.632685] [HIGHMEM]: array[244] = 244
[  221.632686] [HIGHMEM]: array[245] = 245
[  221.632686] [HIGHMEM]: array[246] = 246
[  221.632687] [HIGHMEM]: array[247] = 247
[  221.632687] [HIGHMEM]: array[248] = 248
[  221.632688] [HIGHMEM]: array[249] = 249
[  221.632689] [HIGHMEM]: array[250] = 250
[  221.632689] [HIGHMEM]: array[251] = 251
[  221.632690] [HIGHMEM]: array[252] = 252
[  221.632691] [HIGHMEM]: array[253] = 253
[  221.632691] [HIGHMEM]: array[254] = 254
[  221.632692] [HIGHMEM]: array[255] = 255
[  221.632693] [HIGHMEM]: array[256] = 256
[  221.632693] [HIGHMEM]: array[257] = 257
[  221.632694] [HIGHMEM]: array[258] = 258
[  221.632695] [HIGHMEM]: array[259] = 259
[  221.632695] [HIGHMEM]: array[260] = 260
[  221.632696] [HIGHMEM]: array[261] = 261
[  221.632697] [HIGHMEM]: array[262] = 262
[  221.632697] [HIGHMEM]: array[263] = 263
[  221.632698] [HIGHMEM]: array[264] = 264
[  221.632699] [HIGHMEM]: array[265] = 265
[  221.632699] [HIGHMEM]: array[266] = 266
[  221.632700] [HIGHMEM]: array[267] = 267
[  221.632701] [HIGHMEM]: array[268] = 268
[  221.632701] [HIGHMEM]: array[269] = 269
[  221.632702] [HIGHMEM]: array[270] = 270
[  221.632703] [HIGHMEM]: array[271] = 271
[  221.632703] [HIGHMEM]: array[272] = 272
[  221.632704] [HIGHMEM]: array[273] = 273
[  221.632705] [HIGHMEM]: array[274] = 274
[  221.632706] [HIGHMEM]: array[275] = 275
[  221.632706] [HIGHMEM]: array[276] = 276
[  221.632707] [HIGHMEM]: array[277] = 277
[  221.632708] [HIGHMEM]: array[278] = 278
[  221.632708] [HIGHMEM]: array[279] = 279
[  221.632709] [HIGHMEM]: array[280] = 280
[  221.632709] [HIGHMEM]: array[281] = 281
[  221.632710] [HIGHMEM]: array[282] = 282
[  221.632710] [HIGHMEM]: array[283] = 283
[  221.632711] [HIGHMEM]: array[284] = 284
[  221.632711] [HIGHMEM]: array[285] = 285
[  221.632712] [HIGHMEM]: array[286] = 286
[  221.632713] [HIGHMEM]: array[287] = 287
[  221.632713] [HIGHMEM]: array[288] = 288
[  221.632714] [HIGHMEM]: array[289] = 289
[  221.632714] [HIGHMEM]: array[290] = 290
[  221.632715] [HIGHMEM]: array[291] = 291
[  221.632715] [HIGHMEM]: array[292] = 292
[  221.632716] [HIGHMEM]: array[293] = 293
[  221.632716] [HIGHMEM]: array[294] = 294
[  221.632717] [HIGHMEM]: array[295] = 295
[  221.632718] [HIGHMEM]: array[296] = 296
[  221.632718] [HIGHMEM]: array[297] = 297
[  221.632719] [HIGHMEM]: array[298] = 298
[  221.632719] [HIGHMEM]: array[299] = 299
[  221.632720] [HIGHMEM]: array[300] = 300
[  221.632720] [HIGHMEM]: array[301] = 301
[  221.632721] [HIGHMEM]: array[302] = 302
[  221.632721] [HIGHMEM]: array[303] = 303
[  221.632722] [HIGHMEM]: array[304] = 304
[  221.632722] [HIGHMEM]: array[305] = 305
[  221.632723] [HIGHMEM]: array[306] = 306
[  221.632724] [HIGHMEM]: array[307] = 307
[  221.632724] [HIGHMEM]: array[308] = 308
[  221.632725] [HIGHMEM]: array[309] = 309
[  221.632725] [HIGHMEM]: array[310] = 310
[  221.632726] [HIGHMEM]: array[311] = 311
[  221.632726] [HIGHMEM]: array[312] = 312
[  221.632727] [HIGHMEM]: array[313] = 313
[  221.632727] [HIGHMEM]: array[314] = 314
[  221.632728] [HIGHMEM]: array[315] = 315
[  221.632728] [HIGHMEM]: array[316] = 316
[  221.632729] [HIGHMEM]: array[317] = 317
[  221.632729] [HIGHMEM]: array[318] = 318
[  221.632730] [HIGHMEM]: array[319] = 319
[  221.632730] [HIGHMEM]: array[320] = 320
[  221.632731] [HIGHMEM]: array[321] = 321
[  221.632731] [HIGHMEM]: array[322] = 322
[  221.632732] [HIGHMEM]: array[323] = 323
[  221.632732] [HIGHMEM]: array[324] = 324
[  221.632733] [HIGHMEM]: array[325] = 325
[  221.632733] [HIGHMEM]: array[326] = 326
[  221.632734] [HIGHMEM]: array[327] = 327
[  221.632734] [HIGHMEM]: array[328] = 328
[  221.632735] [HIGHMEM]: array[329] = 329
[  221.632736] [HIGHMEM]: array[330] = 330
[  221.632736] [HIGHMEM]: array[331] = 331
[  221.632737] [HIGHMEM]: array[332] = 332
[  221.632737] [HIGHMEM]: array[333] = 333
[  221.632738] [HIGHMEM]: array[334] = 334
[  221.632738] [HIGHMEM]: array[335] = 335
[  221.632739] [HIGHMEM]: array[336] = 336
[  221.632739] [HIGHMEM]: array[337] = 337
[  221.632740] [HIGHMEM]: array[338] = 338
[  221.632740] [HIGHMEM]: array[339] = 339
[  221.632741] [HIGHMEM]: array[340] = 340
[  221.632741] [HIGHMEM]: array[341] = 341
[  221.632742] [HIGHMEM]: array[342] = 342
[  221.632742] [HIGHMEM]: array[343] = 343
[  221.632743] [HIGHMEM]: array[344] = 344
[  221.632743] [HIGHMEM]: array[345] = 345
[  221.632744] [HIGHMEM]: array[346] = 346
[  221.632744] [HIGHMEM]: array[347] = 347
[  221.632745] [HIGHMEM]: array[348] = 348
[  221.632746] [HIGHMEM]: array[349] = 349
[  221.632746] [HIGHMEM]: array[350] = 350
[  221.632747] [HIGHMEM]: array[351] = 351
[  221.632747] [HIGHMEM]: array[352] = 352
[  221.632748] [HIGHMEM]: array[353] = 353
[  221.632748] [HIGHMEM]: array[354] = 354
[  221.632749] [HIGHMEM]: array[355] = 355
[  221.632749] [HIGHMEM]: array[356] = 356
[  221.632750] [HIGHMEM]: array[357] = 357
[  221.632751] [HIGHMEM]: array[358] = 358
[  221.632751] [HIGHMEM]: array[359] = 359
[  221.632752] [HIGHMEM]: array[360] = 360
[  221.632752] [HIGHMEM]: array[361] = 361
[  221.632753] [HIGHMEM]: array[362] = 362
[  221.632753] [HIGHMEM]: array[363] = 363
[  221.632754] [HIGHMEM]: array[364] = 364
[  221.632754] [HIGHMEM]: array[365] = 365
[  221.632755] [HIGHMEM]: array[366] = 366
[  221.632756] [HIGHMEM]: array[367] = 367
[  221.632756] [HIGHMEM]: array[368] = 368
[  221.632757] [HIGHMEM]: array[369] = 369
[  221.632757] [HIGHMEM]: array[370] = 370
[  221.632758] [HIGHMEM]: array[371] = 371
[  221.632759] [HIGHMEM]: array[372] = 372
[  221.632760] [HIGHMEM]: array[373] = 373
[  221.632760] [HIGHMEM]: array[374] = 374
[  221.632761] [HIGHMEM]: array[375] = 375
[  221.632762] [HIGHMEM]: array[376] = 376
[  221.632762] [HIGHMEM]: array[377] = 377
[  221.632763] [HIGHMEM]: array[378] = 378
[  221.632764] [HIGHMEM]: array[379] = 379
[  221.632764] [HIGHMEM]: array[380] = 380
[  221.632765] [HIGHMEM]: array[381] = 381
[  221.632766] [HIGHMEM]: array[382] = 382
[  221.632766] [HIGHMEM]: array[383] = 383
[  221.632767] [HIGHMEM]: array[384] = 384
[  221.632768] [HIGHMEM]: array[385] = 385
[  221.632768] [HIGHMEM]: array[386] = 386
[  221.632769] [HIGHMEM]: array[387] = 387
[  221.632769] [HIGHMEM]: array[388] = 388
[  221.632770] [HIGHMEM]: array[389] = 389
[  221.632770] [HIGHMEM]: array[390] = 390
[  221.632771] [HIGHMEM]: array[391] = 391
[  221.632771] [HIGHMEM]: array[392] = 392
[  221.632772] [HIGHMEM]: array[393] = 393
[  221.632773] [HIGHMEM]: array[394] = 394
[  221.632773] [HIGHMEM]: array[395] = 395
[  221.632774] [HIGHMEM]: array[396] = 396
[  221.632775] [HIGHMEM]: array[397] = 397
[  221.632775] [HIGHMEM]: array[398] = 398
[  221.632776] [HIGHMEM]: array[399] = 399
[  221.632777] [HIGHMEM]: array[400] = 400
[  221.632777] [HIGHMEM]: array[401] = 401
[  221.632778] [HIGHMEM]: array[402] = 402
[  221.632779] [HIGHMEM]: array[403] = 403
[  221.632779] [HIGHMEM]: array[404] = 404
[  221.632780] [HIGHMEM]: array[405] = 405
[  221.632781] [HIGHMEM]: array[406] = 406
[  221.632781] [HIGHMEM]: array[407] = 407
[  221.632782] [HIGHMEM]: array[408] = 408
[  221.632783] [HIGHMEM]: array[409] = 409
[  221.632784] [HIGHMEM]: array[410] = 410
[  221.632784] [HIGHMEM]: array[411] = 411
[  221.632785] [HIGHMEM]: array[412] = 412
[  221.632786] [HIGHMEM]: array[413] = 413
[  221.632786] [HIGHMEM]: array[414] = 414
[  221.632787] [HIGHMEM]: array[415] = 415
[  221.632788] [HIGHMEM]: array[416] = 416
[  221.632788] [HIGHMEM]: array[417] = 417
[  221.632789] [HIGHMEM]: array[418] = 418
[  221.632790] [HIGHMEM]: array[419] = 419
[  221.632790] [HIGHMEM]: array[420] = 420
[  221.632791] [HIGHMEM]: array[421] = 421
[  221.632791] [HIGHMEM]: array[422] = 422
[  221.632792] [HIGHMEM]: array[423] = 423
[  221.632792] [HIGHMEM]: array[424] = 424
[  221.632793] [HIGHMEM]: array[425] = 425
[  221.632794] [HIGHMEM]: array[426] = 426
[  221.632794] [HIGHMEM]: array[427] = 427
[  221.632795] [HIGHMEM]: array[428] = 428
[  221.632795] [HIGHMEM]: array[429] = 429
[  221.632796] [HIGHMEM]: array[430] = 430
[  221.632796] [HIGHMEM]: array[431] = 431
[  221.632797] [HIGHMEM]: array[432] = 432
[  221.632797] [HIGHMEM]: array[433] = 433
[  221.632798] [HIGHMEM]: array[434] = 434
[  221.632798] [HIGHMEM]: array[435] = 435
[  221.632799] [HIGHMEM]: array[436] = 436
[  221.632800] [HIGHMEM]: array[437] = 437
[  221.632800] [HIGHMEM]: array[438] = 438
[  221.632801] [HIGHMEM]: array[439] = 439
[  221.632801] [HIGHMEM]: array[440] = 440
[  221.632802] [HIGHMEM]: array[441] = 441
[  221.632802] [HIGHMEM]: array[442] = 442
[  221.632803] [HIGHMEM]: array[443] = 443
[  221.632803] [HIGHMEM]: array[444] = 444
[  221.632804] [HIGHMEM]: array[445] = 445
[  221.632804] [HIGHMEM]: array[446] = 446
[  221.632805] [HIGHMEM]: array[447] = 447
[  221.632805] [HIGHMEM]: array[448] = 448
[  221.632806] [HIGHMEM]: array[449] = 449
[  221.632806] [HIGHMEM]: array[450] = 450
[  221.632807] [HIGHMEM]: array[451] = 451
